06-26 15:51:10.455 D/StatusBar.MSimNetworkController( 7276): refreshViews connected={ wifi } level=4 mMSimcombinedSignalIconId=0x7f0201c4/com.android.systemui:drawable/stat_sys_wifi_signal_png_4_fully mMSimcombinedActivityIconId=0x0 mAirplaneMode=false mMSimDataActivity=0 mMSimPhoneSignalIconId=0x7f0201b1/com.android.systemui:drawable/stat_sys_signal_4 mMSimDataDirectionIconId=0x0 mMSimDataSignalIconId=0x7f0201b1 mMSimDataTypeIconId=0x0/(null) mNoMSimIconId=0x0/(null) mMSimMobileActivityIconId=0x0/(null) mWifiIconId=0x7f0201c4 mBluetoothTetherIconId=0x108069f
06-26 15:51:10.695 D/StatusBar.MSimNetworkController( 7276): onSignalStrengthsChanged received on phoneId :0 subid: 2signalStrength=SignalStrength: 99 0 -120 -160 -120 -1 -1 23 -91 -4 -184 2147483647 2147483647 gsm|lte level=4
06-26 15:51:10.695 D/StatusBar.MSimNetworkController( 7276): onSignalStrengthsChanged received on phoneId :0 subid: 2signalStrength=SignalStrength: 99 0 -120 -160 -120 -1 -1 23 -91 -4 -184 2147483647 2147483647 gsm|lte level=4
06-26 15:51:10.905 D/wpa_supplicant(31898): wlan0: Control interface command 'SIGNAL_POLL'
06-26 15:51:10.905 W/ActivityManager( 1208): getRunningAppProcesses: caller 10095 does not hold REAL_GET_TASKS; limiting output
06-26 15:51:10.905 W/ActivityManager( 1208): getRunningAppProcesses: caller 10095 does not hold REAL_GET_TASKS; limiting output
06-26 15:51:11.465 D/StatusBar.MSimNetworkController( 7276): refreshViews connected={ wifi } level=4 mMSimcombinedSignalIconId=0x7f0201c4/com.android.systemui:drawable/stat_sys_wifi_signal_png_4_fully mMSimcombinedActivityIconId=0x7f0201bd mAirplaneMode=false mMSimDataActivity=0 mMSimPhoneSignalIconId=0x7f0201b1/com.android.systemui:drawable/stat_sys_signal_4 mMSimDataDirectionIconId=0x0 mMSimDataSignalIconId=0x7f0201b1 mMSimDataTypeIconId=0x0/(null) mNoMSimIconId=0x0/(null) mMSimMobileActivityIconId=0x0/(null) mWifiIconId=0x7f0201c4 mBluetoothTetherIconId=0x108069f
06-26 15:51:11.945 W/ActivityManager( 1208): getRunningAppProcesses: caller 10095 does not hold REAL_GET_TASKS; limiting output
06-26 15:51:11.945 W/ActivityManager( 1208): getRunningAppProcesses: caller 10095 does not hold REAL_GET_TASKS; limiting output
06-26 15:51:12.985 W/ActivityManager( 1208): getRunningAppProcesses: caller 10095 does not hold REAL_GET_TASKS; limiting output
06-26 15:51:12.985 W/ActivityManager( 1208): getRunningAppProcesses: caller 10095 does not hold REAL_GET_TASKS; limiting output
06-26 15:51:13.255 I/ServiceManager( 6987): Waiting for service AtCmdFwd...
06-26 15:51:13.265 D/StatusBar.MSimNetworkController( 7276): onSignalStrengthsChanged received on phoneId :0 subid: 2signalStrength=SignalStrength: 99 0 -120 -160 -120 -1 -1 23 -91 -4 -184 2147483647 2147483647 gsm|lte level=4
06-26 15:51:13.905 D/wpa_supplicant(31898): wlan0: Control interface command 'SIGNAL_POLL'
06-26 15:51:14.035 W/ActivityManager( 1208): getRunningAppProcesses: caller 10095 does not hold REAL_GET_TASKS; limiting output
06-26 15:51:14.035 W/ActivityManager( 1208): getRunningAppProcesses: caller 10095 does not hold REAL_GET_TASKS; limiting output
06-26 15:51:14.265 I/ServiceManager( 6987): Waiting for service AtCmdFwd...
06-26 15:51:14.535 D/StatusBar.MSimNetworkController( 7276): onSignalStrengthsChanged received on phoneId :0 subid: 2signalStrength=SignalStrength: 99 0 -120 -160 -120 -1 -1 23 -91 -4 -184 2147483647 2147483647 gsm|lte level=4
06-26 15:51:14.825 I/MSM-irqbalance(  616): Decided to move IRQ57 from CPU7 to CPU5
06-26 15:51:15.075 W/ActivityManager( 1208): getRunningAppProcesses: caller 10095 does not hold REAL_GET_TASKS; limiting output
06-26 15:51:15.075 W/ActivityManager( 1208): getRunningAppProcesses: caller 10095 does not hold REAL_GET_TASKS; limiting output
06-26 15:51:15.265 I/ServiceManager( 6987): Waiting for service AtCmdFwd...
06-26 15:51:15.815 D/StatusBar.MSimNetworkController( 7276): onSignalStrengthsChanged received on phoneId :0 subid: 2signalStrength=SignalStrength: 99 0 -120 -160 -120 -1 -1 23 -91 -4 -184 2147483647 2147483647 gsm|lte level=4
06-26 15:51:16.115 W/ActivityManager( 1208): getRunningAppProcesses: caller 10095 does not hold REAL_GET_TASKS; limiting output
06-26 15:51:16.115 W/ActivityManager( 1208): getRunningAppProcesses: caller 10095 does not hold REAL_GET_TASKS; limiting output
06-26 15:51:16.265 I/ServiceManager( 6987): Waiting for service AtCmdFwd...
06-26 15:51:16.925 D/wpa_supplicant(31898): wlan0: Control interface command 'SIGNAL_POLL'
06-26 15:51:17.045 W/ActivityManager( 1208): getRunningAppProcesses: caller 10092 does not hold REAL_GET_TASKS; limiting output
06-26 15:51:17.145 W/ActivityManager( 1208): getRunningAppProcesses: caller 10095 does not hold REAL_GET_TASKS; limiting output
06-26 15:51:17.145 W/ActivityManager( 1208): getRunningAppProcesses: caller 10095 does not hold REAL_GET_TASKS; limiting output
06-26 15:51:17.265 I/ServiceManager( 6987): Waiting for service AtCmdFwd...
06-26 15:51:18.165 W/ActivityManager( 1208): getRunningAppProcesses: caller 10095 does not hold REAL_GET_TASKS; limiting output
06-26 15:51:18.165 W/ActivityManager( 1208): getRunningAppProcesses: caller 10095 does not hold REAL_GET_TASKS; limiting output
06-26 15:51:18.265 W/Atfwd_Sendcmd( 6987): AtCmdFwd service not published, waiting... retryCnt : 3
06-26 15:51:18.375 D/StatusBar.MSimNetworkController( 7276): onSignalStrengthsChanged received on phoneId :0 subid: 2signalStrength=SignalStrength: 99 0 -120 -160 -120 -1 -1 23 -91 -4 -184 2147483647 2147483647 gsm|lte level=4
06-26 15:51:18.375 D/StatusBar.MSimNetworkController( 7276): onSignalStrengthsChanged received on phoneId :0 subid: 2signalStrength=SignalStrength: 99 0 -120 -160 -120 -1 -1 23 -91 -4 -184 2147483647 2147483647 gsm|lte level=4
06-26 15:51:18.475 D/StatusBar.MSimNetworkController( 7276): refreshViews connected={ wifi } level=4 mMSimcombinedSignalIconId=0x7f0201c4/com.android.systemui:drawable/stat_sys_wifi_signal_png_4_fully mMSimcombinedActivityIconId=0x7f0201be mAirplaneMode=false mMSimDataActivity=0 mMSimPhoneSignalIconId=0x7f0201b1/com.android.systemui:drawable/stat_sys_signal_4 mMSimDataDirectionIconId=0x0 mMSimDataSignalIconId=0x7f0201b1 mMSimDataTypeIconId=0x0/(null) mNoMSimIconId=0x0/(null) mMSimMobileActivityIconId=0x0/(null) mWifiIconId=0x7f0201c4 mBluetoothTetherIconId=0x108069f
06-26 15:51:19.185 W/ActivityManager( 1208): getRunningAppProcesses: caller 10095 does not hold REAL_GET_TASKS; limiting output
06-26 15:51:19.195 W/ActivityManager( 1208): getRunningAppProcesses: caller 10095 does not hold REAL_GET_TASKS; limiting output
06-26 15:51:19.825 I/MSM-irqbalance(  616): Decided to move IRQ177 from CPU7 to CPU5
06-26 15:51:19.945 D/wpa_supplicant(31898): wlan0: Control interface command 'SIGNAL_POLL'
06-26 15:51:20.235 W/ActivityManager( 1208): getRunningAppProcesses: caller 10095 does not hold REAL_GET_TASKS; limiting output
06-26 15:51:20.235 W/ActivityManager( 1208): getRunningAppProcesses: caller 10095 does not hold REAL_GET_TASKS; limiting output
06-26 15:51:20.935 D/StatusBar.MSimNetworkController( 7276): onSignalStrengthsChanged received on phoneId :0 subid: 2signalStrength=SignalStrength: 99 0 -120 -160 -120 -1 -1 23 -91 -4 -184 2147483647 2147483647 gsm|lte level=4
06-26 15:51:21.265 W/ActivityManager( 1208): getRunningAppProcesses: caller 10095 does not hold REAL_GET_TASKS; limiting output
06-26 15:51:21.265 W/ActivityManager( 1208): getRunningAppProcesses: caller 10095 does not hold REAL_GET_TASKS; limiting output
06-26 15:51:22.215 D/StatusBar.MSimNetworkController( 7276): onSignalStrengthsChanged received on phoneId :0 subid: 2signalStrength=SignalStrength: 99 0 -120 -160 -120 -1 -1 23 -91 -4 -184 2147483647 2147483647 gsm|lte level=4
06-26 15:51:22.305 W/ActivityManager( 1208): getRunningAppProcesses: caller 10095 does not hold REAL_GET_TASKS; limiting output
06-26 15:51:22.305 W/ActivityManager( 1208): getRunningAppProcesses: caller 10095 does not hold REAL_GET_TASKS; limiting output
06-26 15:51:22.975 D/wpa_supplicant(31898): wlan0: Control interface command 'SIGNAL_POLL'
06-26 15:51:23.335 W/ActivityManager( 1208): getRunningAppProcesses: caller 10095 does not hold REAL_GET_TASKS; limiting output
06-26 15:51:23.335 W/ActivityManager( 1208): getRunningAppProcesses: caller 10095 does not hold REAL_GET_TASKS; limiting output
06-26 15:51:23.495 D/StatusBar.MSimNetworkController( 7276): onSignalStrengthsChanged received on phoneId :0 subid: 2signalStrength=SignalStrength: 99 0 -120 -160 -120 -1 -1 23 -91 -4 -184 2147483647 2147483647 gsm|lte level=4
06-26 15:51:24.385 W/ActivityManager( 1208): getRunningAppProcesses: caller 10095 does not hold REAL_GET_TASKS; limiting output
06-26 15:51:24.385 W/ActivityManager( 1208): getRunningAppProcesses: caller 10095 does not hold REAL_GET_TASKS; limiting output
06-26 15:51:24.485 D/StatusBar.MSimNetworkController( 7276): refreshViews connected={ wifi } level=4 mMSimcombinedSignalIconId=0x7f0201c4/com.android.systemui:drawable/stat_sys_wifi_signal_png_4_fully mMSimcombinedActivityIconId=0x7f0201bd mAirplaneMode=false mMSimDataActivity=0 mMSimPhoneSignalIconId=0x7f0201b1/com.android.systemui:drawable/stat_sys_signal_4 mMSimDataDirectionIconId=0x0 mMSimDataSignalIconId=0x7f0201b1 mMSimDataTypeIconId=0x0/(null) mNoMSimIconId=0x0/(null) mMSimMobileActivityIconId=0x0/(null) mWifiIconId=0x7f0201c4 mBluetoothTetherIconId=0x108069f
06-26 15:51:24.825 I/MSM-irqbalance(  616): Decided to move IRQ174 from CPU7 to CPU5
06-26 15:51:25.425 W/ActivityManager( 1208): getRunningAppProcesses: caller 10095 does not hold REAL_GET_TASKS; limiting output
06-26 15:51:25.425 W/ActivityManager( 1208): getRunningAppProcesses: caller 10095 does not hold REAL_GET_TASKS; limiting output
06-26 15:51:25.485 D/StatusBar.MSimNetworkController( 7276): refreshViews connected={ wifi } level=4 mMSimcombinedSignalIconId=0x7f0201c4/com.android.systemui:drawable/stat_sys_wifi_signal_png_4_fully mMSimcombinedActivityIconId=0x0 mAirplaneMode=false mMSimDataActivity=0 mMSimPhoneSignalIconId=0x7f0201b1/com.android.systemui:drawable/stat_sys_signal_4 mMSimDataDirectionIconId=0x0 mMSimDataSignalIconId=0x7f0201b1 mMSimDataTypeIconId=0x0/(null) mNoMSimIconId=0x0/(null) mMSimMobileActivityIconId=0x0/(null) mWifiIconId=0x7f0201c4 mBluetoothTetherIconId=0x108069f
06-26 15:51:25.995 D/wpa_supplicant(31898): wlan0: Control interface command 'SIGNAL_POLL'
06-26 15:51:26.055 D/StatusBar.MSimNetworkController( 7276): onSignalStrengthsChanged received on phoneId :0 subid: 2signalStrength=SignalStrength: 99 0 -120 -160 -120 -1 -1 23 -91 -4 -184 2147483647 2147483647 gsm|lte level=4
06-26 15:51:26.065 D/StatusBar.MSimNetworkController( 7276): onSignalStrengthsChanged received on phoneId :0 subid: 2signalStrength=SignalStrength: 99 0 -120 -160 -120 -1 -1 23 -91 -4 -184 2147483647 2147483647 gsm|lte level=4
06-26 15:51:26.455 W/ActivityManager( 1208): getRunningAppProcesses: caller 10095 does not hold REAL_GET_TASKS; limiting output
06-26 15:51:26.455 W/ActivityManager( 1208): getRunningAppProcesses: caller 10095 does not hold REAL_GET_TASKS; limiting output
06-26 15:51:27.495 D/StatusBar.MSimNetworkController( 7276): refreshViews connected={ wifi } level=4 mMSimcombinedSignalIconId=0x7f0201c4/com.android.systemui:drawable/stat_sys_wifi_signal_png_4_fully mMSimcombinedActivityIconId=0x7f0201bd mAirplaneMode=false mMSimDataActivity=0 mMSimPhoneSignalIconId=0x7f0201b1/com.android.systemui:drawable/stat_sys_signal_4 mMSimDataDirectionIconId=0x0 mMSimDataSignalIconId=0x7f0201b1 mMSimDataTypeIconId=0x0/(null) mNoMSimIconId=0x0/(null) mMSimMobileActivityIconId=0x0/(null) mWifiIconId=0x7f0201c4 mBluetoothTetherIconId=0x108069f
06-26 15:51:27.505 W/ActivityManager( 1208): getRunningAppProcesses: caller 10095 does not hold REAL_GET_TASKS; limiting output
06-26 15:51:27.505 W/ActivityManager( 1208): getRunningAppProcesses: caller 10095 does not hold REAL_GET_TASKS; limiting output
06-26 15:51:28.545 W/ActivityManager( 1208): getRunningAppProcesses: caller 10095 does not hold REAL_GET_TASKS; limiting output
06-26 15:51:28.545 W/ActivityManager( 1208): getRunningAppProcesses: caller 10095 does not hold REAL_GET_TASKS; limiting output
06-26 15:51:28.615 D/StatusBar.MSimNetworkController( 7276): onSignalStrengthsChanged received on phoneId :0 subid: 2signalStrength=SignalStrength: 99 0 -120 -160 -120 -1 -1 23 -91 -4 -184 2147483647 2147483647 gsm|lte level=4
06-26 15:51:29.015 D/wpa_supplicant(31898): wlan0: Control interface command 'SIGNAL_POLL'
06-26 15:51:29.495 D/StatusBar.MSimNetworkController( 7276): refreshViews connected={ wifi } level=4 mMSimcombinedSignalIconId=0x7f0201c4/com.android.systemui:drawable/stat_sys_wifi_signal_png_4_fully mMSimcombinedActivityIconId=0x7f0201be mAirplaneMode=false mMSimDataActivity=0 mMSimPhoneSignalIconId=0x7f0201b1/com.android.systemui:drawable/stat_sys_signal_4 mMSimDataDirectionIconId=0x0 mMSimDataSignalIconId=0x7f0201b1 mMSimDataTypeIconId=0x0/(null) mNoMSimIconId=0x0/(null) mMSimMobileActivityIconId=0x0/(null) mWifiIconId=0x7f0201c4 mBluetoothTetherIconId=0x108069f
06-26 15:51:29.585 W/ActivityManager( 1208): getRunningAppProcesses: caller 10095 does not hold REAL_GET_TASKS; limiting output
06-26 15:51:29.585 W/ActivityManager( 1208): getRunningAppProcesses: caller 10095 does not hold REAL_GET_TASKS; limiting output
06-26 15:51:29.895 D/StatusBar.MSimNetworkController( 7276): onSignalStrengthsChanged received on phoneId :0 subid: 2signalStrength=SignalStrength: 99 0 -120 -160 -120 -1 -1 23 -91 -4 -184 2147483647 2147483647 gsm|lte level=4
06-26 15:51:30.505 D/StatusBar.MSimNetworkController( 7276): refreshViews connected={ wifi } level=4 mMSimcombinedSignalIconId=0x7f0201c4/com.android.systemui:drawable/stat_sys_wifi_signal_png_4_fully mMSimcombinedActivityIconId=0x0 mAirplaneMode=false mMSimDataActivity=0 mMSimPhoneSignalIconId=0x7f0201b1/com.android.systemui:drawable/stat_sys_signal_4 mMSimDataDirectionIconId=0x0 mMSimDataSignalIconId=0x7f0201b1 mMSimDataTypeIconId=0x0/(null) mNoMSimIconId=0x0/(null) mMSimMobileActivityIconId=0x0/(null) mWifiIconId=0x7f0201c4 mBluetoothTetherIconId=0x108069f
06-26 15:51:30.625 W/ActivityManager( 1208): getRunningAppProcesses: caller 10095 does not hold REAL_GET_TASKS; limiting output
06-26 15:51:30.625 W/ActivityManager( 1208): getRunningAppProcesses: caller 10095 does not hold REAL_GET_TASKS; limiting output
06-26 15:51:31.075 W/ActivityManager( 1208): getRunningAppProcesses: caller 10114 does not hold REAL_GET_TASKS; limiting output
06-26 15:51:31.175 D/StatusBar.MSimNetworkController( 7276): onSignalStrengthsChanged received on phoneId :0 subid: 2signalStrength=SignalStrength: 99 0 -120 -160 -120 -1 -1 23 -91 -4 -184 2147483647 2147483647 gsm|lte level=4
06-26 15:51:31.655 W/ActivityManager( 1208): getRunningAppProcesses: caller 10095 does not hold REAL_GET_TASKS; limiting output
06-26 15:51:31.655 W/ActivityManager( 1208): getRunningAppProcesses: caller 10095 does not hold REAL_GET_TASKS; limiting output
06-26 15:51:32.035 D/wpa_supplicant(31898): wlan0: Control interface command 'SIGNAL_POLL'
06-26 15:51:32.505 D/StatusBar.MSimNetworkController( 7276): refreshViews connected={ wifi } level=4 mMSimcombinedSignalIconId=0x7f0201c4/com.android.systemui:drawable/stat_sys_wifi_signal_png_4_fully mMSimcombinedActivityIconId=0x7f0201bd mAirplaneMode=false mMSimDataActivity=0 mMSimPhoneSignalIconId=0x7f0201b1/com.android.systemui:drawable/stat_sys_signal_4 mMSimDataDirectionIconId=0x0 mMSimDataSignalIconId=0x7f0201b1 mMSimDataTypeIconId=0x0/(null) mNoMSimIconId=0x0/(null) mMSimMobileActivityIconId=0x0/(null) mWifiIconId=0x7f0201c4 mBluetoothTetherIconId=0x108069f
06-26 15:51:32.695 W/ActivityManager( 1208): getRunningAppProcesses: caller 10095 does not hold REAL_GET_TASKS; limiting output
06-26 15:51:32.695 W/ActivityManager( 1208): getRunningAppProcesses: caller 10095 does not hold REAL_GET_TASKS; limiting output
06-26 15:51:33.265 I/ServiceManager( 6987): Waiting for service AtCmdFwd...
06-26 15:51:33.735 W/ActivityManager( 1208): getRunningAppProcesses: caller 10095 does not hold REAL_GET_TASKS; limiting output
06-26 15:51:33.735 W/ActivityManager( 1208): getRunningAppProcesses: caller 10095 does not hold REAL_GET_TASKS; limiting output
06-26 15:51:33.745 D/StatusBar.MSimNetworkController( 7276): onSignalStrengthsChanged received on phoneId :0 subid: 2signalStrength=SignalStrength: 99 0 -120 -160 -120 -1 -1 25 -91 -4 -184 2147483647 2147483647 gsm|lte level=4
06-26 15:51:33.745 D/StatusBar.MSimNetworkController( 7276): onSignalStrengthsChanged received on phoneId :0 subid: 2signalStrength=SignalStrength: 99 0 -120 -160 -120 -1 -1 25 -91 -4 -184 2147483647 2147483647 gsm|lte level=4
06-26 15:51:34.265 I/ServiceManager( 6987): Waiting for service AtCmdFwd...
06-26 15:51:34.525 D/StatusBar.MSimNetworkController( 7276): refreshViews connected={ wifi } level=4 mMSimcombinedSignalIconId=0x7f0201c4/com.android.systemui:drawable/stat_sys_wifi_signal_png_4_fully mMSimcombinedActivityIconId=0x0 mAirplaneMode=false mMSimDataActivity=0 mMSimPhoneSignalIconId=0x7f0201b1/com.android.systemui:drawable/stat_sys_signal_4 mMSimDataDirectionIconId=0x0 mMSimDataSignalIconId=0x7f0201b1 mMSimDataTypeIconId=0x0/(null) mNoMSimIconId=0x0/(null) mMSimMobileActivityIconId=0x0/(null) mWifiIconId=0x7f0201c4 mBluetoothTetherIconId=0x108069f
06-26 15:51:34.775 W/ActivityManager( 1208): getRunningAppProcesses: caller 10095 does not hold REAL_GET_TASKS; limiting output
06-26 15:51:34.775 W/ActivityManager( 1208): getRunningAppProcesses: caller 10095 does not hold REAL_GET_TASKS; limiting output
06-26 15:51:35.055 D/wpa_supplicant(31898): wlan0: Control interface command 'SIGNAL_POLL'
06-26 15:51:35.265 I/ServiceManager( 6987): Waiting for service AtCmdFwd...
06-26 15:51:35.515 D/StatusBar.MSimNetworkController( 7276): refreshViews connected={ wifi } level=4 mMSimcombinedSignalIconId=0x7f0201c4/com.android.systemui:drawable/stat_sys_wifi_signal_png_4_fully mMSimcombinedActivityIconId=0x7f0201bd mAirplaneMode=false mMSimDataActivity=0 mMSimPhoneSignalIconId=0x7f0201b1/com.android.systemui:drawable/stat_sys_signal_4 mMSimDataDirectionIconId=0x0 mMSimDataSignalIconId=0x7f0201b1 mMSimDataTypeIconId=0x0/(null) mNoMSimIconId=0x0/(null) mMSimMobileActivityIconId=0x0/(null) mWifiIconId=0x7f0201c4 mBluetoothTetherIconId=0x108069f
06-26 15:51:35.805 W/ActivityManager( 1208): getRunningAppProcesses: caller 10095 does not hold REAL_GET_TASKS; limiting output
06-26 15:51:35.805 W/ActivityManager( 1208): getRunningAppProcesses: caller 10095 does not hold REAL_GET_TASKS; limiting output
06-26 15:51:36.265 I/ServiceManager( 6987): Waiting for service AtCmdFwd...
06-26 15:51:36.295 D/StatusBar.MSimNetworkController( 7276): onSignalStrengthsChanged received on phoneId :0 subid: 2signalStrength=SignalStrength: 99 0 -120 -160 -120 -1 -1 25 -91 -6 -184 2147483647 2147483647 gsm|lte level=4
06-26 15:51:36.845 W/ActivityManager( 1208): getRunningAppProcesses: caller 10095 does not hold REAL_GET_TASKS; limiting output
06-26 15:51:36.845 W/ActivityManager( 1208): getRunningAppProcesses: caller 10095 does not hold REAL_GET_TASKS; limiting output
06-26 15:51:37.265 I/ServiceManager( 6987): Waiting for service AtCmdFwd...
06-26 15:51:37.525 D/StatusBar.MSimNetworkController( 7276): refreshViews connected={ wifi } level=4 mMSimcombinedSignalIconId=0x7f0201c4/com.android.systemui:drawable/stat_sys_wifi_signal_png_4_fully mMSimcombinedActivityIconId=0x0 mAirplaneMode=false mMSimDataActivity=0 mMSimPhoneSignalIconId=0x7f0201b1/com.android.systemui:drawable/stat_sys_signal_4 mMSimDataDirectionIconId=0x0 mMSimDataSignalIconId=0x7f0201b1 mMSimDataTypeIconId=0x0/(null) mNoMSimIconId=0x0/(null) mMSimMobileActivityIconId=0x0/(null) mWifiIconId=0x7f0201c4 mBluetoothTetherIconId=0x108069f
06-26 15:51:37.575 D/StatusBar.MSimNetworkController( 7276): onSignalStrengthsChanged received on phoneId :0 subid: 2signalStrength=SignalStrength: 99 0 -120 -160 -120 -1 -1 25 -91 -6 -184 2147483647 2147483647 gsm|lte level=4
06-26 15:51:37.885 W/ActivityManager( 1208): getRunningAppProcesses: caller 10095 does not hold REAL_GET_TASKS; limiting output
06-26 15:51:37.885 W/ActivityManager( 1208): getRunningAppProcesses: caller 10095 does not hold REAL_GET_TASKS; limiting output
06-26 15:51:38.075 D/wpa_supplicant(31898): wlan0: Control interface command 'SIGNAL_POLL'
06-26 15:51:38.265 W/Atfwd_Sendcmd( 6987): AtCmdFwd service not published, waiting... retryCnt : 4
06-26 15:51:38.525 D/StatusBar.MSimNetworkController( 7276): refreshViews connected={ wifi } level=4 mMSimcombinedSignalIconId=0x7f0201c4/com.android.systemui:drawable/stat_sys_wifi_signal_png_4_fully mMSimcombinedActivityIconId=0x7f0201bd mAirplaneMode=false mMSimDataActivity=0 mMSimPhoneSignalIconId=0x7f0201b1/com.android.systemui:drawable/stat_sys_signal_4 mMSimDataDirectionIconId=0x0 mMSimDataSignalIconId=0x7f0201b1 mMSimDataTypeIconId=0x0/(null) mNoMSimIconId=0x0/(null) mMSimMobileActivityIconId=0x0/(null) mWifiIconId=0x7f0201c4 mBluetoothTetherIconId=0x108069f
06-26 15:51:38.855 D/StatusBar.MSimNetworkController( 7276): onSignalStrengthsChanged received on phoneId :0 subid: 2signalStrength=SignalStrength: 99 0 -120 -160 -120 -1 -1 25 -91 -6 -184 2147483647 2147483647 gsm|lte level=4
06-26 15:51:38.895 W/ActivityManager( 1208): getRunningAppProcesses: caller 10095 does not hold REAL_GET_TASKS; limiting output
06-26 15:51:38.895 W/ActivityManager( 1208): getRunningAppProcesses: caller 10095 does not hold REAL_GET_TASKS; limiting output
06-26 15:51:39.935 W/ActivityManager( 1208): getRunningAppProcesses: caller 10095 does not hold REAL_GET_TASKS; limiting output
06-26 15:51:39.935 W/ActivityManager( 1208): getRunningAppProcesses: caller 10095 does not hold REAL_GET_TASKS; limiting output
06-26 15:51:40.975 W/ActivityManager( 1208): getRunningAppProcesses: caller 10095 does not hold REAL_GET_TASKS; limiting output
06-26 15:51:40.975 W/ActivityManager( 1208): getRunningAppProcesses: caller 10095 does not hold REAL_GET_TASKS; limiting output
06-26 15:51:41.085 D/wpa_supplicant(31898): wlan0: Control interface command 'SIGNAL_POLL'
06-26 15:51:41.435 D/StatusBar.MSimNetworkController( 7276): onSignalStrengthsChanged received on phoneId :0 subid: 2signalStrength=SignalStrength: 99 0 -120 -160 -120 -1 -1 25 -91 -4 -184 2147483647 2147483647 gsm|lte level=4
06-26 15:51:41.435 D/StatusBar.MSimNetworkController( 7276): onSignalStrengthsChanged received on phoneId :0 subid: 2signalStrength=SignalStrength: 99 0 -120 -160 -120 -1 -1 25 -91 -4 -184 2147483647 2147483647 gsm|lte level=4
06-26 15:51:41.995 W/ActivityManager( 1208): getRunningAppProcesses: caller 10095 does not hold REAL_GET_TASKS; limiting output
06-26 15:51:41.995 W/ActivityManager( 1208): getRunningAppProcesses: caller 10095 does not hold REAL_GET_TASKS; limiting output
06-26 15:51:42.535 D/StatusBar.MSimNetworkController( 7276): refreshViews connected={ wifi } level=4 mMSimcombinedSignalIconId=0x7f0201c4/com.android.systemui:drawable/stat_sys_wifi_signal_png_4_fully mMSimcombinedActivityIconId=0x0 mAirplaneMode=false mMSimDataActivity=0 mMSimPhoneSignalIconId=0x7f0201b1/com.android.systemui:drawable/stat_sys_signal_4 mMSimDataDirectionIconId=0x0 mMSimDataSignalIconId=0x7f0201b1 mMSimDataTypeIconId=0x0/(null) mNoMSimIconId=0x0/(null) mMSimMobileActivityIconId=0x0/(null) mWifiIconId=0x7f0201c4 mBluetoothTetherIconId=0x108069f
06-26 15:51:43.045 W/ActivityManager( 1208): getRunningAppProcesses: caller 10095 does not hold REAL_GET_TASKS; limiting output
06-26 15:51:43.045 W/ActivityManager( 1208): getRunningAppProcesses: caller 10095 does not hold REAL_GET_TASKS; limiting output
06-26 15:51:43.535 D/StatusBar.MSimNetworkController( 7276): refreshViews connected={ wifi } level=4 mMSimcombinedSignalIconId=0x7f0201c4/com.android.systemui:drawable/stat_sys_wifi_signal_png_4_fully mMSimcombinedActivityIconId=0x7f0201bd mAirplaneMode=false mMSimDataActivity=0 mMSimPhoneSignalIconId=0x7f0201b1/com.android.systemui:drawable/stat_sys_signal_4 mMSimDataDirectionIconId=0x0 mMSimDataSignalIconId=0x7f0201b1 mMSimDataTypeIconId=0x0/(null) mNoMSimIconId=0x0/(null) mMSimMobileActivityIconId=0x0/(null) mWifiIconId=0x7f0201c4 mBluetoothTetherIconId=0x108069f
06-26 15:51:43.975 D/StatusBar.MSimNetworkController( 7276): onSignalStrengthsChanged received on phoneId :0 subid: 2signalStrength=SignalStrength: 99 0 -120 -160 -120 -1 -1 24 -91 -4 -184 2147483647 2147483647 gsm|lte level=4
06-26 15:51:44.085 W/ActivityManager( 1208): getRunningAppProcesses: caller 10095 does not hold REAL_GET_TASKS; limiting output
06-26 15:51:44.085 W/ActivityManager( 1208): getRunningAppProcesses: caller 10095 does not hold REAL_GET_TASKS; limiting output
06-26 15:51:44.105 D/wpa_supplicant(31898): wlan0: Control interface command 'SIGNAL_POLL'
06-26 15:51:45.125 W/ActivityManager( 1208): getRunningAppProcesses: caller 10095 does not hold REAL_GET_TASKS; limiting output
06-26 15:51:45.125 W/ActivityManager( 1208): getRunningAppProcesses: caller 10095 does not hold REAL_GET_TASKS; limiting output
06-26 15:51:45.255 D/StatusBar.MSimNetworkController( 7276): onSignalStrengthsChanged received on phoneId :0 subid: 2signalStrength=SignalStrength: 99 0 -120 -160 -120 -1 -1 24 -91 -4 -184 2147483647 2147483647 gsm|lte level=4
06-26 15:51:46.145 W/ActivityManager( 1208): getRunningAppProcesses: caller 10095 does not hold REAL_GET_TASKS; limiting output
06-26 15:51:46.145 W/ActivityManager( 1208): getRunningAppProcesses: caller 10095 does not hold REAL_GET_TASKS; limiting output
06-26 15:51:46.525 D/StatusBar.MSimNetworkController( 7276): onSignalStrengthsChanged received on phoneId :0 subid: 2signalStrength=SignalStrength: 99 0 -120 -160 -120 -1 -1 24 -91 -4 -184 2147483647 2147483647 gsm|lte level=4
06-26 15:51:47.075 W/ActivityManager( 1208): getRunningAppProcesses: caller 10092 does not hold REAL_GET_TASKS; limiting output
06-26 15:51:47.125 D/wpa_supplicant(31898): wlan0: Control interface command 'SIGNAL_POLL'
06-26 15:51:47.185 W/ActivityManager( 1208): getRunningAppProcesses: caller 10095 does not hold REAL_GET_TASKS; limiting output
06-26 15:51:47.185 W/ActivityManager( 1208): getRunningAppProcesses: caller 10095 does not hold REAL_GET_TASKS; limiting output
06-26 15:51:48.225 W/ActivityManager( 1208): getRunningAppProcesses: caller 10095 does not hold REAL_GET_TASKS; limiting output
06-26 15:51:48.225 W/ActivityManager( 1208): getRunningAppProcesses: caller 10095 does not hold REAL_GET_TASKS; limiting output
06-26 15:51:49.095 D/StatusBar.MSimNetworkController( 7276): onSignalStrengthsChanged received on phoneId :0 subid: 2signalStrength=SignalStrength: 99 0 -120 -160 -120 -1 -1 24 -91 -4 -184 2147483647 2147483647 gsm|lte level=4
06-26 15:51:49.105 D/StatusBar.MSimNetworkController( 7276): onSignalStrengthsChanged received on phoneId :0 subid: 2signalStrength=SignalStrength: 99 0 -120 -160 -120 -1 -1 24 -91 -4 -184 2147483647 2147483647 gsm|lte level=4
06-26 15:51:49.265 W/ActivityManager( 1208): getRunningAppProcesses: caller 10095 does not hold REAL_GET_TASKS; limiting output
06-26 15:51:49.265 W/ActivityManager( 1208): getRunningAppProcesses: caller 10095 does not hold REAL_GET_TASKS; limiting output
06-26 15:51:50.135 D/wpa_supplicant(31898): wlan0: Control interface command 'SIGNAL_POLL'
06-26 15:51:50.305 W/ActivityManager( 1208): getRunningAppProcesses: caller 10095 does not hold REAL_GET_TASKS; limiting output
06-26 15:51:50.305 W/ActivityManager( 1208): getRunningAppProcesses: caller 10095 does not hold REAL_GET_TASKS; limiting output
06-26 15:51:51.335 W/ActivityManager( 1208): getRunningAppProcesses: caller 10095 does not hold REAL_GET_TASKS; limiting output
06-26 15:51:51.335 W/ActivityManager( 1208): getRunningAppProcesses: caller 10095 does not hold REAL_GET_TASKS; limiting output
06-26 15:51:51.545 D/StatusBar.MSimNetworkController( 7276): refreshViews connected={ wifi } level=4 mMSimcombinedSignalIconId=0x7f0201c4/com.android.systemui:drawable/stat_sys_wifi_signal_png_4_fully mMSimcombinedActivityIconId=0x0 mAirplaneMode=false mMSimDataActivity=0 mMSimPhoneSignalIconId=0x7f0201b1/com.android.systemui:drawable/stat_sys_signal_4 mMSimDataDirectionIconId=0x0 mMSimDataSignalIconId=0x7f0201b1 mMSimDataTypeIconId=0x0/(null) mNoMSimIconId=0x0/(null) mMSimMobileActivityIconId=0x0/(null) mWifiIconId=0x7f0201c4 mBluetoothTetherIconId=0x108069f
06-26 15:51:51.655 D/StatusBar.MSimNetworkController( 7276): onSignalStrengthsChanged received on phoneId :0 subid: 2signalStrength=SignalStrength: 99 0 -120 -160 -120 -1 -1 24 -91 -4 -184 2147483647 2147483647 gsm|lte level=4
06-26 15:51:51.715 D/PowerManagerService( 1208): to showLogHandlerThread quit!
06-26 15:51:51.715 D/ActivityManager( 1208): target_pkg = com.UCMobile, target_process = com.UCMobile:push
06-26 15:51:51.715 D/NubiaSelfStartUtil( 1208): not allow packageName==com.UCMobile from service
06-26 15:51:51.715 D/ActivityManager( 1208): start service caller PID =-1, UID = 10177, callerPkgList = {}, service_name = ComponentInfo{com.UCMobile/com.uc.base.multiprocess.server.EventManagerService}
06-26 15:51:51.715 D/ActivityManager( 1208): forbid starting ComponentInfo{com.UCMobile/com.uc.base.multiprocess.server.EventManagerService} intent Intent { act=action.interval.alarm.timer flg=0x4 cmp=com.UCMobile/com.uc.base.multiprocess.server.EventManagerService (has extras) }
06-26 15:51:52.375 W/ActivityManager( 1208): getRunningAppProcesses: caller 10095 does not hold REAL_GET_TASKS; limiting output
06-26 15:51:52.375 W/ActivityManager( 1208): getRunningAppProcesses: caller 10095 does not hold REAL_GET_TASKS; limiting output
06-26 15:51:52.555 D/StatusBar.MSimNetworkController( 7276): refreshViews connected={ wifi } level=4 mMSimcombinedSignalIconId=0x7f0201c4/com.android.systemui:drawable/stat_sys_wifi_signal_png_4_fully mMSimcombinedActivityIconId=0x7f0201bd mAirplaneMode=false mMSimDataActivity=0 mMSimPhoneSignalIconId=0x7f0201b1/com.android.systemui:drawable/stat_sys_signal_4 mMSimDataDirectionIconId=0x0 mMSimDataSignalIconId=0x7f0201b1 mMSimDataTypeIconId=0x0/(null) mNoMSimIconId=0x0/(null) mMSimMobileActivityIconId=0x0/(null) mWifiIconId=0x7f0201c4 mBluetoothTetherIconId=0x108069f
06-26 15:51:52.935 D/StatusBar.MSimNetworkController( 7276): onSignalStrengthsChanged received on phoneId :0 subid: 2signalStrength=SignalStrength: 99 0 -120 -160 -120 -1 -1 24 -91 -4 -184 2147483647 2147483647 gsm|lte level=4
06-26 15:51:53.155 D/wpa_supplicant(31898): wlan0: Control interface command 'SIGNAL_POLL'
06-26 15:51:53.395 W/ActivityManager( 1208): getRunningAppProcesses: caller 10095 does not hold REAL_GET_TASKS; limiting output
06-26 15:51:53.395 W/ActivityManager( 1208): getRunningAppProcesses: caller 10095 does not hold REAL_GET_TASKS; limiting output
06-26 15:51:53.555 D/StatusBar.MSimNetworkController( 7276): refreshViews connected={ wifi } level=4 mMSimcombinedSignalIconId=0x7f0201c4/com.android.systemui:drawable/stat_sys_wifi_signal_png_4_fully mMSimcombinedActivityIconId=0x0 mAirplaneMode=false mMSimDataActivity=0 mMSimPhoneSignalIconId=0x7f0201b1/com.android.systemui:drawable/stat_sys_signal_4 mMSimDataDirectionIconId=0x0 mMSimDataSignalIconId=0x7f0201b1 mMSimDataTypeIconId=0x0/(null) mNoMSimIconId=0x0/(null) mMSimMobileActivityIconId=0x0/(null) mWifiIconId=0x7f0201c4 mBluetoothTetherIconId=0x108069f
06-26 15:51:54.215 D/StatusBar.MSimNetworkController( 7276): onSignalStrengthsChanged received on phoneId :0 subid: 2signalStrength=SignalStrength: 99 0 -120 -160 -120 -1 -1 24 -91 -4 -184 2147483647 2147483647 gsm|lte level=4
06-26 15:51:54.435 W/ActivityManager( 1208): getRunningAppProcesses: caller 10095 does not hold REAL_GET_TASKS; limiting output
06-26 15:51:54.435 W/ActivityManager( 1208): getRunningAppProcesses: caller 10095 does not hold REAL_GET_TASKS; limiting output
06-26 15:51:54.565 D/StatusBar.MSimNetworkController( 7276): refreshViews connected={ wifi } level=4 mMSimcombinedSignalIconId=0x7f0201c4/com.android.systemui:drawable/stat_sys_wifi_signal_png_4_fully mMSimcombinedActivityIconId=0x7f0201bd mAirplaneMode=false mMSimDataActivity=0 mMSimPhoneSignalIconId=0x7f0201b1/com.android.systemui:drawable/stat_sys_signal_4 mMSimDataDirectionIconId=0x0 mMSimDataSignalIconId=0x7f0201b1 mMSimDataTypeIconId=0x0/(null) mNoMSimIconId=0x0/(null) mMSimMobileActivityIconId=0x0/(null) mWifiIconId=0x7f0201c4 mBluetoothTetherIconId=0x108069f
06-26 15:51:55.475 W/ActivityManager( 1208): getRunningAppProcesses: caller 10095 does not hold REAL_GET_TASKS; limiting output
06-26 15:51:55.475 W/ActivityManager( 1208): getRunningAppProcesses: caller 10095 does not hold REAL_GET_TASKS; limiting output
06-26 15:51:56.175 D/wpa_supplicant(31898): wlan0: Control interface command 'SIGNAL_POLL'
06-26 15:51:56.515 W/ActivityManager( 1208): getRunningAppProcesses: caller 10095 does not hold REAL_GET_TASKS; limiting output
06-26 15:51:56.515 W/ActivityManager( 1208): getRunningAppProcesses: caller 10095 does not hold REAL_GET_TASKS; limiting output
06-26 15:51:56.785 D/StatusBar.MSimNetworkController( 7276): onSignalStrengthsChanged received on phoneId :0 subid: 2signalStrength=SignalStrength: 99 0 -120 -160 -120 -1 -1 23 -91 -4 -184 2147483647 2147483647 gsm|lte level=4
06-26 15:51:56.795 D/StatusBar.MSimNetworkController( 7276): onSignalStrengthsChanged received on phoneId :0 subid: 2signalStrength=SignalStrength: 99 0 -120 -160 -120 -1 -1 23 -91 -4 -184 2147483647 2147483647 gsm|lte level=4
06-26 15:51:57.545 W/ActivityManager( 1208): getRunningAppProcesses: caller 10095 does not hold REAL_GET_TASKS; limiting output
06-26 15:51:57.545 W/ActivityManager( 1208): getRunningAppProcesses: caller 10095 does not hold REAL_GET_TASKS; limiting output
06-26 15:51:57.565 D/StatusBar.MSimNetworkController( 7276): refreshViews connected={ wifi } level=4 mMSimcombinedSignalIconId=0x7f0201c4/com.android.systemui:drawable/stat_sys_wifi_signal_png_4_fully mMSimcombinedActivityIconId=0x0 mAirplaneMode=false mMSimDataActivity=0 mMSimPhoneSignalIconId=0x7f0201b1/com.android.systemui:drawable/stat_sys_signal_4 mMSimDataDirectionIconId=0x0 mMSimDataSignalIconId=0x7f0201b1 mMSimDataTypeIconId=0x0/(null) mNoMSimIconId=0x0/(null) mMSimMobileActivityIconId=0x0/(null) mWifiIconId=0x7f0201c4 mBluetoothTetherIconId=0x108069f
06-26 15:51:58.275 I/ServiceManager( 6987): Waiting for service AtCmdFwd...
06-26 15:51:58.575 D/StatusBar.MSimNetworkController( 7276): refreshViews connected={ wifi } level=4 mMSimcombinedSignalIconId=0x7f0201c4/com.android.systemui:drawable/stat_sys_wifi_signal_png_4_fully mMSimcombinedActivityIconId=0x7f0201bd mAirplaneMode=false mMSimDataActivity=0 mMSimPhoneSignalIconId=0x7f0201b1/com.android.systemui:drawable/stat_sys_signal_4 mMSimDataDirectionIconId=0x0 mMSimDataSignalIconId=0x7f0201b1 mMSimDataTypeIconId=0x0/(null) mNoMSimIconId=0x0/(null) mMSimMobileActivityIconId=0x0/(null) mWifiIconId=0x7f0201c4 mBluetoothTetherIconId=0x108069f
06-26 15:51:58.585 W/ActivityManager( 1208): getRunningAppProcesses: caller 10095 does not hold REAL_GET_TASKS; limiting output
06-26 15:51:58.585 W/ActivityManager( 1208): getRunningAppProcesses: caller 10095 does not hold REAL_GET_TASKS; limiting output
06-26 15:51:58.995 D/PowerManagerService( 1208): to showLogHandlerThread quit!
06-26 15:51:58.995 E/GpsXtraDownloader( 1208): No XTRA servers were specified in the GPS configuration
06-26 15:51:59.195 D/wpa_supplicant(31898): wlan0: Control interface command 'SIGNAL_POLL'
06-26 15:51:59.275 I/ServiceManager( 6987): Waiting for service AtCmdFwd...
06-26 15:51:59.335 D/StatusBar.MSimNetworkController( 7276): onSignalStrengthsChanged received on phoneId :0 subid: 2signalStrength=SignalStrength: 99 0 -120 -160 -120 -1 -1 23 -91 -4 -184 2147483647 2147483647 gsm|lte level=4
06-26 15:51:59.615 W/ActivityManager( 1208): getRunningAppProcesses: caller 10095 does not hold REAL_GET_TASKS; limiting output
06-26 15:51:59.615 W/ActivityManager( 1208): getRunningAppProcesses: caller 10095 does not hold REAL_GET_TASKS; limiting output
06-26 15:51:59.995 D/PowerManagerService( 1208): to showLogHandlerThread quit!
06-26 15:51:59.995 W/AlarmManager( 1208): none no open power log
06-26 15:52:00.005 W/ResourceType( 7980): No package identifier when getting value for resource number 0x00000000
06-26 15:52:00.005 W/PackageManager( 7980): Failure retrieving resources for cn.nubia.weather: Resource ID #0x0
06-26 15:52:00.085 I/TrafficService(11443): current minute : 52
06-26 15:52:00.085 V/TrafficService(11443): traffic service run! Begin update traffic
06-26 15:52:00.275 I/ServiceManager( 6987): Waiting for service AtCmdFwd...
06-26 15:52:00.405 D/TrafficDatabaseHelper(11443): name=cn.nubia.browser traffic=0
06-26 15:52:00.405 D/TrafficDatabaseHelper(11443): name=com.sankuai.meituan traffic=0
06-26 15:52:00.405 D/TrafficDatabaseHelper(11443): name=com.nfyg.hsbb traffic=6634417
06-26 15:52:00.405 D/TrafficDatabaseHelper(11443): name=cmb.pb traffic=2744002
06-26 15:52:00.405 D/TrafficDatabaseHelper(11443): name=com.MobileTicket traffic=30580650
06-26 15:52:00.405 D/TrafficDatabaseHelper(11443): name=com.tencent.reading traffic=0
06-26 15:52:00.405 D/TrafficDatabaseHelper(11443): name=cn.nubia.weather traffic=34116
06-26 15:52:00.405 D/TrafficDatabaseHelper(11443): name=com.tencent.mm traffic=442006
06-26 15:52:00.405 D/TrafficDatabaseHelper(11443): name=com.zhaopin.social traffic=0
06-26 15:52:00.405 D/TrafficDatabaseHelper(11443): name=cn.etouch.ecalendar traffic=190260
06-26 15:52:00.405 D/TrafficDatabaseHelper(11443): name=com.alipay.security.mobile.authenticator traffic=7480
06-26 15:52:00.405 D/TrafficDatabaseHelper(11443): name=com.UCMobile traffic=35182991
06-26 15:52:00.405 D/TrafficDatabaseHelper(11443): name=com.tencent.mobileqq traffic=567678
06-26 15:52:00.405 D/TrafficDatabaseHelper(11443): name=com.gf.client traffic=125639
06-26 15:52:00.405 D/TrafficDatabaseHelper(11443): name=com.kugou.android traffic=0
06-26 15:52:00.405 D/TrafficDatabaseHelper(11443): name=com.baidu.BaiduMap traffic=23020885
06-26 15:52:00.405 D/TrafficDatabaseHelper(11443): name=com.tencent.qqgame.qqhlupwvga traffic=0
06-26 15:52:00.405 D/TrafficDatabaseHelper(11443): name=com.netease.mail traffic=0
06-26 15:52:00.405 D/TrafficDatabaseHelper(11443): name=com.jingdong.app.mall traffic=0
06-26 15:52:00.405 D/TrafficDatabaseHelper(11443): name=com.taobao.idlefish traffic=0
06-26 15:52:00.405 D/TrafficDatabaseHelper(11443): name=com.job.android traffic=0
06-26 15:52:00.405 D/TrafficDatabaseHelper(11443): name=com.wukongtv.wkremote.client traffic=0
06-26 15:52:00.405 D/TrafficDatabaseHelper(11443): name=com.taobao.taobao traffic=30605
06-26 15:52:00.405 D/TrafficDatabaseHelper(11443): name=com.sohu.inputmethod.sogou.nubia traffic=38555
06-26 15:52:00.405 D/TrafficDatabaseHelper(11443): name=com.qihoo.srouter.n300 traffic=0
06-26 15:52:00.405 D/TrafficDatabaseHelper(11443): name=com.eg.android.AlipayGphone traffic=4432206
06-26 15:52:00.425 I/nubialog(11443): DispatchMessage in MainLooper, delay:334ms msg:{ when=-334ms callback=cn.nubia.security.traffic.service.d target=android.os.Handler }
06-26 15:52:00.605 D/StatusBar.MSimNetworkController( 7276): onSignalStrengthsChanged received on phoneId :0 subid: 2signalStrength=SignalStrength: 99 0 -120 -160 -120 -1 -1 23 -91 -4 -184 2147483647 2147483647 gsm|lte level=4
06-26 15:52:00.655 W/ActivityManager( 1208): getRunningAppProcesses: caller 10095 does not hold REAL_GET_TASKS; limiting output
06-26 15:52:00.655 W/ActivityManager( 1208): getRunningAppProcesses: caller 10095 does not hold REAL_GET_TASKS; limiting output
06-26 15:52:01.075 W/ActivityManager( 1208): getRunningAppProcesses: caller 10114 does not hold REAL_GET_TASKS; limiting output
06-26 15:52:01.275 I/ServiceManager( 6987): Waiting for service AtCmdFwd...
06-26 15:52:01.685 W/ActivityManager( 1208): getRunningAppProcesses: caller 10095 does not hold REAL_GET_TASKS; limiting output
06-26 15:52:01.685 W/ActivityManager( 1208): getRunningAppProcesses: caller 10095 does not hold REAL_GET_TASKS; limiting output
06-26 15:52:01.885 D/StatusBar.MSimNetworkController( 7276): onSignalStrengthsChanged received on phoneId :0 subid: 2signalStrength=SignalStrength: 99 0 -120 -160 -120 -1 -1 23 -91 -4 -184 2147483647 2147483647 gsm|lte level=4
06-26 15:52:02.215 D/wpa_supplicant(31898): wlan0: Control interface command 'SIGNAL_POLL'
06-26 15:52:02.275 I/ServiceManager( 6987): Waiting for service AtCmdFwd...
06-26 15:52:02.715 W/ActivityManager( 1208): getRunningAppProcesses: caller 10095 does not hold REAL_GET_TASKS; limiting output
06-26 15:52:02.715 W/ActivityManager( 1208): getRunningAppProcesses: caller 10095 does not hold REAL_GET_TASKS; limiting output
06-26 15:52:03.275 W/Atfwd_Sendcmd( 6987): AtCmdFwd service not published, waiting... retryCnt : 5
06-26 15:52:03.575 D/StatusBar.MSimNetworkController( 7276): refreshViews connected={ wifi } level=4 mMSimcombinedSignalIconId=0x7f0201c4/com.android.systemui:drawable/stat_sys_wifi_signal_png_4_fully mMSimcombinedActivityIconId=0x0 mAirplaneMode=false mMSimDataActivity=0 mMSimPhoneSignalIconId=0x7f0201b1/com.android.systemui:drawable/stat_sys_signal_4 mMSimDataDirectionIconId=0x0 mMSimDataSignalIconId=0x7f0201b1 mMSimDataTypeIconId=0x0/(null) mNoMSimIconId=0x0/(null) mMSimMobileActivityIconId=0x0/(null) mWifiIconId=0x7f0201c4 mBluetoothTetherIconId=0x108069f
06-26 15:52:03.755 W/ActivityManager( 1208): getRunningAppProcesses: caller 10095 does not hold REAL_GET_TASKS; limiting output
06-26 15:52:03.765 W/ActivityManager( 1208): getRunningAppProcesses: caller 10095 does not hold REAL_GET_TASKS; limiting output
06-26 15:52:04.455 D/StatusBar.MSimNetworkController( 7276): onSignalStrengthsChanged received on phoneId :0 subid: 2signalStrength=SignalStrength: 99 0 -120 -160 -120 -1 -1 23 -91 -4 -184 2147483647 2147483647 gsm|lte level=4
06-26 15:52:04.465 D/StatusBar.MSimNetworkController( 7276): onSignalStrengthsChanged received on phoneId :0 subid: 2signalStrength=SignalStrength: 99 0 -120 -160 -120 -1 -1 23 -91 -4 -184 2147483647 2147483647 gsm|lte level=4
06-26 15:52:04.585 D/StatusBar.MSimNetworkController( 7276): refreshViews connected={ wifi } level=4 mMSimcombinedSignalIconId=0x7f0201c4/com.android.systemui:drawable/stat_sys_wifi_signal_png_4_fully mMSimcombinedActivityIconId=0x7f0201bd mAirplaneMode=false mMSimDataActivity=0 mMSimPhoneSignalIconId=0x7f0201b1/com.android.systemui:drawable/stat_sys_signal_4 mMSimDataDirectionIconId=0x0 mMSimDataSignalIconId=0x7f0201b1 mMSimDataTypeIconId=0x0/(null) mNoMSimIconId=0x0/(null) mMSimMobileActivityIconId=0x0/(null) mWifiIconId=0x7f0201c4 mBluetoothTetherIconId=0x108069f
06-26 15:52:04.805 W/ActivityManager( 1208): getRunningAppProcesses: caller 10095 does not hold REAL_GET_TASKS; limiting output
06-26 15:52:04.805 W/ActivityManager( 1208): getRunningAppProcesses: caller 10095 does not hold REAL_GET_TASKS; limiting output
06-26 15:52:04.905 W/ActivityManager( 1208): getRunningAppProcesses: caller 10092 does not hold REAL_GET_TASKS; limiting output
06-26 15:52:05.215 D/wpa_supplicant(31898): wlan0: Control interface command 'SIGNAL_POLL'
06-26 15:52:05.845 W/ActivityManager( 1208): getRunningAppProcesses: caller 10095 does not hold REAL_GET_TASKS; limiting output
06-26 15:52:05.845 W/ActivityManager( 1208): getRunningAppProcesses: caller 10095 does not hold REAL_GET_TASKS; limiting output
06-26 15:52:06.865 W/ActivityManager( 1208): getRunningAppProcesses: caller 10095 does not hold REAL_GET_TASKS; limiting output
06-26 15:52:06.865 W/ActivityManager( 1208): getRunningAppProcesses: caller 10095 does not hold REAL_GET_TASKS; limiting output
06-26 15:52:07.025 D/StatusBar.MSimNetworkController( 7276): onSignalStrengthsChanged received on phoneId :0 subid: 2signalStrength=SignalStrength: 99 0 -120 -160 -120 -1 -1 23 -91 -4 -184 2147483647 2147483647 gsm|lte level=4
06-26 15:52:07.905 W/ActivityManager( 1208): getRunningAppProcesses: caller 10095 does not hold REAL_GET_TASKS; limiting output
06-26 15:52:07.905 W/ActivityManager( 1208): getRunningAppProcesses: caller 10095 does not hold REAL_GET_TASKS; limiting output
06-26 15:52:08.235 D/wpa_supplicant(31898): wlan0: Control interface command 'SIGNAL_POLL'
06-26 15:52:08.295 D/StatusBar.MSimNetworkController( 7276): onSignalStrengthsChanged received on phoneId :0 subid: 2signalStrength=SignalStrength: 99 0 -120 -160 -120 -1 -1 23 -91 -4 -184 2147483647 2147483647 gsm|lte level=4
06-26 15:52:08.945 W/ActivityManager( 1208): getRunningAppProcesses: caller 10095 does not hold REAL_GET_TASKS; limiting output
06-26 15:52:08.945 W/ActivityManager( 1208): getRunningAppProcesses: caller 10095 does not hold REAL_GET_TASKS; limiting output
06-26 15:52:09.555 W/AlarmManager( 1208): none no open power log
06-26 15:52:09.565 W/AlarmManager( 1208): none no open power log
06-26 15:52:09.575 D/StatusBar.MSimNetworkController( 7276): onSignalStrengthsChanged received on phoneId :0 subid: 2signalStrength=SignalStrength: 99 0 -120 -160 -120 -1 -1 23 -91 -4 -184 2147483647 2147483647 gsm|lte level=4
06-26 15:52:09.575 D/PowerManagerService( 1208): to showLogHandlerThread quit!
06-26 15:52:09.585 W/AlarmManager( 1208): none no open power log
06-26 15:52:09.585 D/StatusBar.MSimNetworkController( 7276): refreshViews connected={ wifi } level=4 mMSimcombinedSignalIconId=0x7f0201c4/com.android.systemui:drawable/stat_sys_wifi_signal_png_4_fully mMSimcombinedActivityIconId=0x7f0201be mAirplaneMode=false mMSimDataActivity=0 mMSimPhoneSignalIconId=0x7f0201b1/com.android.systemui:drawable/stat_sys_signal_4 mMSimDataDirectionIconId=0x0 mMSimDataSignalIconId=0x7f0201b1 mMSimDataTypeIconId=0x0/(null) mNoMSimIconId=0x0/(null) mMSimMobileActivityIconId=0x0/(null) mWifiIconId=0x7f0201c4 mBluetoothTetherIconId=0x108069f
06-26 15:52:09.975 W/ActivityManager( 1208): getRunningAppProcesses: caller 10095 does not hold REAL_GET_TASKS; limiting output
06-26 15:52:09.975 W/ActivityManager( 1208): getRunningAppProcesses: caller 10095 does not hold REAL_GET_TASKS; limiting output
06-26 15:52:11.015 W/ActivityManager( 1208): getRunningAppProcesses: caller 10095 does not hold REAL_GET_TASKS; limiting output
06-26 15:52:11.015 W/ActivityManager( 1208): getRunningAppProcesses: caller 10095 does not hold REAL_GET_TASKS; limiting output
06-26 15:52:11.255 D/wpa_supplicant(31898): wlan0: Control interface command 'SIGNAL_POLL'
06-26 15:52:11.595 D/StatusBar.MSimNetworkController( 7276): refreshViews connected={ wifi } level=4 mMSimcombinedSignalIconId=0x7f0201c4/com.android.systemui:drawable/stat_sys_wifi_signal_png_4_fully mMSimcombinedActivityIconId=0x7f0201bd mAirplaneMode=false mMSimDataActivity=0 mMSimPhoneSignalIconId=0x7f0201b1/com.android.systemui:drawable/stat_sys_signal_4 mMSimDataDirectionIconId=0x0 mMSimDataSignalIconId=0x7f0201b1 mMSimDataTypeIconId=0x0/(null) mNoMSimIconId=0x0/(null) mMSimMobileActivityIconId=0x0/(null) mWifiIconId=0x7f0201c4 mBluetoothTetherIconId=0x108069f
06-26 15:52:12.055 W/ActivityManager( 1208): getRunningAppProcesses: caller 10095 does not hold REAL_GET_TASKS; limiting output
06-26 15:52:12.055 W/ActivityManager( 1208): getRunningAppProcesses: caller 10095 does not hold REAL_GET_TASKS; limiting output
06-26 15:52:12.145 D/StatusBar.MSimNetworkController( 7276): onSignalStrengthsChanged received on phoneId :0 subid: 2signalStrength=SignalStrength: 99 0 -120 -160 -120 -1 -1 26 -91 -4 -184 2147483647 2147483647 gsm|lte level=4
06-26 15:52:12.145 D/StatusBar.MSimNetworkController( 7276): onSignalStrengthsChanged received on phoneId :0 subid: 2signalStrength=SignalStrength: 99 0 -120 -160 -120 -1 -1 26 -91 -4 -184 2147483647 2147483647 gsm|lte level=4
06-26 15:52:13.075 W/ActivityManager( 1208): getRunningAppProcesses: caller 10095 does not hold REAL_GET_TASKS; limiting output
06-26 15:52:13.075 W/ActivityManager( 1208): getRunningAppProcesses: caller 10095 does not hold REAL_GET_TASKS; limiting output
06-26 15:52:13.595 D/StatusBar.MSimNetworkController( 7276): refreshViews connected={ wifi } level=4 mMSimcombinedSignalIconId=0x7f0201c4/com.android.systemui:drawable/stat_sys_wifi_signal_png_4_fully mMSimcombinedActivityIconId=0x0 mAirplaneMode=false mMSimDataActivity=0 mMSimPhoneSignalIconId=0x7f0201b1/com.android.systemui:drawable/stat_sys_signal_4 mMSimDataDirectionIconId=0x0 mMSimDataSignalIconId=0x7f0201b1 mMSimDataTypeIconId=0x0/(null) mNoMSimIconId=0x0/(null) mMSimMobileActivityIconId=0x0/(null) mWifiIconId=0x7f0201c4 mBluetoothTetherIconId=0x108069f
06-26 15:52:14.095 W/ActivityManager( 1208): getRunningAppProcesses: caller 10095 does not hold REAL_GET_TASKS; limiting output
06-26 15:52:14.095 W/ActivityManager( 1208): getRunningAppProcesses: caller 10095 does not hold REAL_GET_TASKS; limiting output
06-26 15:52:14.265 D/wpa_supplicant(31898): wlan0: Control interface command 'SIGNAL_POLL'
06-26 15:52:14.605 D/StatusBar.MSimNetworkController( 7276): refreshViews connected={ wifi } level=4 mMSimcombinedSignalIconId=0x7f0201c4/com.android.systemui:drawable/stat_sys_wifi_signal_png_4_fully mMSimcombinedActivityIconId=0x7f0201bd mAirplaneMode=false mMSimDataActivity=0 mMSimPhoneSignalIconId=0x7f0201b1/com.android.systemui:drawable/stat_sys_signal_4 mMSimDataDirectionIconId=0x0 mMSimDataSignalIconId=0x7f0201b1 mMSimDataTypeIconId=0x0/(null) mNoMSimIconId=0x0/(null) mMSimMobileActivityIconId=0x0/(null) mWifiIconId=0x7f0201c4 mBluetoothTetherIconId=0x108069f
06-26 15:52:14.695 D/StatusBar.MSimNetworkController( 7276): onSignalStrengthsChanged received on phoneId :0 subid: 2signalStrength=SignalStrength: 99 0 -120 -160 -120 -1 -1 26 -91 -4 -184 2147483647 2147483647 gsm|lte level=4
06-26 15:52:15.135 W/ActivityManager( 1208): getRunningAppProcesses: caller 10095 does not hold REAL_GET_TASKS; limiting output
06-26 15:52:15.135 W/ActivityManager( 1208): getRunningAppProcesses: caller 10095 does not hold REAL_GET_TASKS; limiting output
