06-26 15:52:15.975 D/StatusBar.MSimNetworkController( 7276): onSignalStrengthsChanged received on phoneId :0 subid: 2signalStrength=SignalStrength: 99 0 -120 -160 -120 -1 -1 25 -91 -4 -184 2147483647 2147483647 gsm|lte level=4
06-26 15:52:16.175 W/ActivityManager( 1208): getRunningAppProcesses: caller 10095 does not hold REAL_GET_TASKS; limiting output
06-26 15:52:16.175 W/ActivityManager( 1208): getRunningAppProcesses: caller 10095 does not hold REAL_GET_TASKS; limiting output
06-26 15:52:17.015 D/PowerManagerService( 1208): to showLogHandlerThread quit!
06-26 15:52:17.125 W/ActivityManager( 1208): getRunningAppProcesses: caller 10092 does not hold REAL_GET_TASKS; limiting output
06-26 15:52:17.215 W/ActivityManager( 1208): getRunningAppProcesses: caller 10095 does not hold REAL_GET_TASKS; limiting output
06-26 15:52:17.215 W/ActivityManager( 1208): getRunningAppProcesses: caller 10095 does not hold REAL_GET_TASKS; limiting output
06-26 15:52:17.245 D/StatusBar.MSimNetworkController( 7276): onSignalStrengthsChanged received on phoneId :0 subid: 2signalStrength=SignalStrength: 99 0 -120 -160 -120 -1 -1 25 -91 -4 -184 2147483647 2147483647 gsm|lte level=4
06-26 15:52:17.285 D/wpa_supplicant(31898): wlan0: Control interface command 'SIGNAL_POLL'
06-26 15:52:17.605 D/StatusBar.MSimNetworkController( 7276): refreshViews connected={ wifi } level=4 mMSimcombinedSignalIconId=0x7f0201c4/com.android.systemui:drawable/stat_sys_wifi_signal_png_4_fully mMSimcombinedActivityIconId=0x0 mAirplaneMode=false mMSimDataActivity=0 mMSimPhoneSignalIconId=0x7f0201b1/com.android.systemui:drawable/stat_sys_signal_4 mMSimDataDirectionIconId=0x0 mMSimDataSignalIconId=0x7f0201b1 mMSimDataTypeIconId=0x0/(null) mNoMSimIconId=0x0/(null) mMSimMobileActivityIconId=0x0/(null) mWifiIconId=0x7f0201c4 mBluetoothTetherIconId=0x108069f
06-26 15:52:18.245 W/ActivityManager( 1208): getRunningAppProcesses: caller 10095 does not hold REAL_GET_TASKS; limiting output
06-26 15:52:18.245 W/ActivityManager( 1208): getRunningAppProcesses: caller 10095 does not hold REAL_GET_TASKS; limiting output
06-26 15:52:19.295 W/ActivityManager( 1208): getRunningAppProcesses: caller 10095 does not hold REAL_GET_TASKS; limiting output
06-26 15:52:19.295 W/ActivityManager( 1208): getRunningAppProcesses: caller 10095 does not hold REAL_GET_TASKS; limiting output
06-26 15:52:19.615 D/StatusBar.MSimNetworkController( 7276): refreshViews connected={ wifi } level=4 mMSimcombinedSignalIconId=0x7f0201c4/com.android.systemui:drawable/stat_sys_wifi_signal_png_4_fully mMSimcombinedActivityIconId=0x7f0201bd mAirplaneMode=false mMSimDataActivity=0 mMSimPhoneSignalIconId=0x7f0201b1/com.android.systemui:drawable/stat_sys_signal_4 mMSimDataDirectionIconId=0x0 mMSimDataSignalIconId=0x7f0201b1 mMSimDataTypeIconId=0x0/(null) mNoMSimIconId=0x0/(null) mMSimMobileActivityIconId=0x0/(null) mWifiIconId=0x7f0201c4 mBluetoothTetherIconId=0x108069f
06-26 15:52:19.815 D/StatusBar.MSimNetworkController( 7276): onSignalStrengthsChanged received on phoneId :0 subid: 2signalStrength=SignalStrength: 99 0 -120 -160 -120 -1 -1 25 -91 -4 -184 2147483647 2147483647 gsm|lte level=4
06-26 15:52:19.815 D/StatusBar.MSimNetworkController( 7276): onSignalStrengthsChanged received on phoneId :0 subid: 2signalStrength=SignalStrength: 99 0 -120 -160 -120 -1 -1 25 -91 -4 -184 2147483647 2147483647 gsm|lte level=4
06-26 15:52:19.825 I/MSM-irqbalance(  616): Decided to move IRQ129 from CPU5 to CPU7
06-26 15:52:20.305 D/wpa_supplicant(31898): wlan0: Control interface command 'SIGNAL_POLL'
06-26 15:52:20.335 W/ActivityManager( 1208): getRunningAppProcesses: caller 10095 does not hold REAL_GET_TASKS; limiting output
06-26 15:52:20.335 W/ActivityManager( 1208): getRunningAppProcesses: caller 10095 does not hold REAL_GET_TASKS; limiting output
06-26 15:52:21.375 W/ActivityManager( 1208): getRunningAppProcesses: caller 10095 does not hold REAL_GET_TASKS; limiting output
06-26 15:52:21.375 W/ActivityManager( 1208): getRunningAppProcesses: caller 10095 does not hold REAL_GET_TASKS; limiting output
06-26 15:52:22.375 D/StatusBar.MSimNetworkController( 7276): onSignalStrengthsChanged received on phoneId :0 subid: 2signalStrength=SignalStrength: 99 0 -120 -160 -120 -1 -1 25 -91 -4 -184 2147483647 2147483647 gsm|lte level=4
06-26 15:52:22.415 W/ActivityManager( 1208): getRunningAppProcesses: caller 10095 does not hold REAL_GET_TASKS; limiting output
06-26 15:52:22.415 W/ActivityManager( 1208): getRunningAppProcesses: caller 10095 does not hold REAL_GET_TASKS; limiting output
06-26 15:52:23.335 D/wpa_supplicant(31898): wlan0: Control interface command 'SIGNAL_POLL'
06-26 15:52:23.455 W/ActivityManager( 1208): getRunningAppProcesses: caller 10095 does not hold REAL_GET_TASKS; limiting output
06-26 15:52:23.455 W/ActivityManager( 1208): getRunningAppProcesses: caller 10095 does not hold REAL_GET_TASKS; limiting output
06-26 15:52:23.655 D/StatusBar.MSimNetworkController( 7276): onSignalStrengthsChanged received on phoneId :0 subid: 2signalStrength=SignalStrength: 99 0 -120 -160 -120 -1 -1 25 -91 -4 -184 2147483647 2147483647 gsm|lte level=4
06-26 15:52:24.485 W/ActivityManager( 1208): getRunningAppProcesses: caller 10095 does not hold REAL_GET_TASKS; limiting output
06-26 15:52:24.495 W/ActivityManager( 1208): getRunningAppProcesses: caller 10095 does not hold REAL_GET_TASKS; limiting output
06-26 15:52:24.825 I/MSM-irqbalance(  616): Decided to move IRQ215 from CPU5 to CPU7
06-26 15:52:24.955 D/StatusBar.MSimNetworkController( 7276): onSignalStrengthsChanged received on phoneId :0 subid: 2signalStrength=SignalStrength: 99 0 -120 -160 -120 -1 -1 25 -91 -4 -184 2147483647 2147483647 gsm|lte level=4
06-26 15:52:25.535 W/ActivityManager( 1208): getRunningAppProcesses: caller 10095 does not hold REAL_GET_TASKS; limiting output
06-26 15:52:25.535 W/ActivityManager( 1208): getRunningAppProcesses: caller 10095 does not hold REAL_GET_TASKS; limiting output
06-26 15:52:26.355 D/wpa_supplicant(31898): wlan0: Control interface command 'SIGNAL_POLL'
06-26 15:52:26.585 W/ActivityManager( 1208): getRunningAppProcesses: caller 10095 does not hold REAL_GET_TASKS; limiting output
06-26 15:52:26.585 W/ActivityManager( 1208): getRunningAppProcesses: caller 10095 does not hold REAL_GET_TASKS; limiting output
06-26 15:52:27.505 D/StatusBar.MSimNetworkController( 7276): onSignalStrengthsChanged received on phoneId :0 subid: 2signalStrength=SignalStrength: 99 0 -120 -160 -120 -1 -1 25 -91 -4 -184 2147483647 2147483647 gsm|lte level=4
06-26 15:52:27.505 D/StatusBar.MSimNetworkController( 7276): onSignalStrengthsChanged received on phoneId :0 subid: 2signalStrength=SignalStrength: 99 0 -120 -160 -120 -1 -1 25 -91 -4 -184 2147483647 2147483647 gsm|lte level=4
06-26 15:52:27.625 W/ActivityManager( 1208): getRunningAppProcesses: caller 10095 does not hold REAL_GET_TASKS; limiting output
06-26 15:52:27.625 W/ActivityManager( 1208): getRunningAppProcesses: caller 10095 does not hold REAL_GET_TASKS; limiting output
06-26 15:52:28.275 I/Atfwd_Sendcmd( 6987): AtCmdFwd service not ready - Exhausted retry attempts - :6
06-26 15:52:28.275 I/Atfwd_Daemon( 6987): result : -1 	 ,Init step :2 	 ,qmiErrorCode: 0
06-26 15:52:28.675 W/ActivityManager( 1208): getRunningAppProcesses: caller 10095 does not hold REAL_GET_TASKS; limiting output
06-26 15:52:28.675 W/ActivityManager( 1208): getRunningAppProcesses: caller 10095 does not hold REAL_GET_TASKS; limiting output
06-26 15:52:29.355 D/wpa_supplicant(31898): wlan0: Control interface command 'SIGNAL_POLL'
06-26 15:52:29.625 D/StatusBar.MSimNetworkController( 7276): refreshViews connected={ wifi } level=4 mMSimcombinedSignalIconId=0x7f0201c4/com.android.systemui:drawable/stat_sys_wifi_signal_png_4_fully mMSimcombinedActivityIconId=0x0 mAirplaneMode=false mMSimDataActivity=0 mMSimPhoneSignalIconId=0x7f0201b1/com.android.systemui:drawable/stat_sys_signal_4 mMSimDataDirectionIconId=0x0 mMSimDataSignalIconId=0x7f0201b1 mMSimDataTypeIconId=0x0/(null) mNoMSimIconId=0x0/(null) mMSimMobileActivityIconId=0x0/(null) mWifiIconId=0x7f0201c4 mBluetoothTetherIconId=0x108069f
06-26 15:52:29.725 W/ActivityManager( 1208): getRunningAppProcesses: caller 10095 does not hold REAL_GET_TASKS; limiting output
06-26 15:52:29.725 W/ActivityManager( 1208): getRunningAppProcesses: caller 10095 does not hold REAL_GET_TASKS; limiting output
06-26 15:52:29.825 I/MSM-irqbalance(  616): Decided to move IRQ222 from CPU5 to CPU7
06-26 15:52:30.055 D/StatusBar.MSimNetworkController( 7276): onSignalStrengthsChanged received on phoneId :0 subid: 2signalStrength=SignalStrength: 99 0 -120 -160 -120 -1 -1 24 -91 -4 -184 2147483647 2147483647 gsm|lte level=4
06-26 15:52:30.635 D/StatusBar.MSimNetworkController( 7276): refreshViews connected={ wifi } level=4 mMSimcombinedSignalIconId=0x7f0201c4/com.android.systemui:drawable/stat_sys_wifi_signal_png_4_fully mMSimcombinedActivityIconId=0x7f0201bd mAirplaneMode=false mMSimDataActivity=0 mMSimPhoneSignalIconId=0x7f0201b1/com.android.systemui:drawable/stat_sys_signal_4 mMSimDataDirectionIconId=0x0 mMSimDataSignalIconId=0x7f0201b1 mMSimDataTypeIconId=0x0/(null) mNoMSimIconId=0x0/(null) mMSimMobileActivityIconId=0x0/(null) mWifiIconId=0x7f0201c4 mBluetoothTetherIconId=0x108069f
06-26 15:52:30.765 W/ActivityManager( 1208): getRunningAppProcesses: caller 10095 does not hold REAL_GET_TASKS; limiting output
06-26 15:52:30.765 W/ActivityManager( 1208): getRunningAppProcesses: caller 10095 does not hold REAL_GET_TASKS; limiting output
06-26 15:52:31.075 W/ActivityManager( 1208): getRunningAppProcesses: caller 10114 does not hold REAL_GET_TASKS; limiting output
06-26 15:52:31.335 D/StatusBar.MSimNetworkController( 7276): onSignalStrengthsChanged received on phoneId :0 subid: 2signalStrength=SignalStrength: 99 0 -120 -160 -120 -1 -1 24 -91 -4 -184 2147483647 2147483647 gsm|lte level=4
06-26 15:52:31.805 W/ActivityManager( 1208): getRunningAppProcesses: caller 10095 does not hold REAL_GET_TASKS; limiting output
06-26 15:52:31.805 W/ActivityManager( 1208): getRunningAppProcesses: caller 10095 does not hold REAL_GET_TASKS; limiting output
06-26 15:52:31.915 E/dmapp   (  385): dmapp is still alive.
06-26 15:52:32.385 D/wpa_supplicant(31898): wlan0: Control interface command 'SIGNAL_POLL'
06-26 15:52:32.615 D/StatusBar.MSimNetworkController( 7276): onSignalStrengthsChanged received on phoneId :0 subid: 2signalStrength=SignalStrength: 99 0 -120 -160 -120 -1 -1 24 -91 -4 -184 2147483647 2147483647 gsm|lte level=4
06-26 15:52:32.845 W/ActivityManager( 1208): getRunningAppProcesses: caller 10095 does not hold REAL_GET_TASKS; limiting output
06-26 15:52:32.845 W/ActivityManager( 1208): getRunningAppProcesses: caller 10095 does not hold REAL_GET_TASKS; limiting output
06-26 15:52:33.885 W/ActivityManager( 1208): getRunningAppProcesses: caller 10095 does not hold REAL_GET_TASKS; limiting output
06-26 15:52:33.885 W/ActivityManager( 1208): getRunningAppProcesses: caller 10095 does not hold REAL_GET_TASKS; limiting output
06-26 15:52:34.825 I/MSM-irqbalance(  616): Decided to move IRQ57 from CPU5 to CPU7
06-26 15:52:34.925 W/ActivityManager( 1208): getRunningAppProcesses: caller 10095 does not hold REAL_GET_TASKS; limiting output
06-26 15:52:34.925 W/ActivityManager( 1208): getRunningAppProcesses: caller 10095 does not hold REAL_GET_TASKS; limiting output
06-26 15:52:35.175 D/StatusBar.MSimNetworkController( 7276): onSignalStrengthsChanged received on phoneId :0 subid: 2signalStrength=SignalStrength: 99 0 -120 -160 -120 -1 -1 24 -91 -4 -184 2147483647 2147483647 gsm|lte level=4
06-26 15:52:35.175 D/StatusBar.MSimNetworkController( 7276): onSignalStrengthsChanged received on phoneId :0 subid: 2signalStrength=SignalStrength: 99 0 -120 -160 -120 -1 -1 24 -91 -4 -184 2147483647 2147483647 gsm|lte level=4
06-26 15:52:35.395 D/wpa_supplicant(31898): wlan0: Control interface command 'SIGNAL_POLL'
06-26 15:52:35.965 W/ActivityManager( 1208): getRunningAppProcesses: caller 10095 does not hold REAL_GET_TASKS; limiting output
06-26 15:52:35.965 W/ActivityManager( 1208): getRunningAppProcesses: caller 10095 does not hold REAL_GET_TASKS; limiting output
06-26 15:52:37.005 W/ActivityManager( 1208): getRunningAppProcesses: caller 10095 does not hold REAL_GET_TASKS; limiting output
06-26 15:52:37.005 W/ActivityManager( 1208): getRunningAppProcesses: caller 10095 does not hold REAL_GET_TASKS; limiting output
06-26 15:52:37.735 D/StatusBar.MSimNetworkController( 7276): onSignalStrengthsChanged received on phoneId :0 subid: 2signalStrength=SignalStrength: 99 0 -120 -160 -120 -1 -1 24 -91 -4 -184 2147483647 2147483647 gsm|lte level=4
06-26 15:52:38.045 W/ActivityManager( 1208): getRunningAppProcesses: caller 10095 does not hold REAL_GET_TASKS; limiting output
06-26 15:52:38.045 W/ActivityManager( 1208): getRunningAppProcesses: caller 10095 does not hold REAL_GET_TASKS; limiting output
06-26 15:52:38.405 D/wpa_supplicant(31898): wlan0: Control interface command 'SIGNAL_POLL'
06-26 15:52:39.015 D/StatusBar.MSimNetworkController( 7276): onSignalStrengthsChanged received on phoneId :0 subid: 2signalStrength=SignalStrength: 99 0 -120 -160 -120 -1 -1 24 -91 -4 -184 2147483647 2147483647 gsm|lte level=4
06-26 15:52:39.055 W/ActivityManager( 1208): getRunningAppProcesses: caller 10095 does not hold REAL_GET_TASKS; limiting output
06-26 15:52:39.055 W/ActivityManager( 1208): getRunningAppProcesses: caller 10095 does not hold REAL_GET_TASKS; limiting output
06-26 15:52:39.825 I/MSM-irqbalance(  616): Decided to move IRQ174 from CPU5 to CPU7
06-26 15:52:40.085 W/ActivityManager( 1208): getRunningAppProcesses: caller 10095 does not hold REAL_GET_TASKS; limiting output
06-26 15:52:40.085 W/ActivityManager( 1208): getRunningAppProcesses: caller 10095 does not hold REAL_GET_TASKS; limiting output
06-26 15:52:40.295 D/StatusBar.MSimNetworkController( 7276): onSignalStrengthsChanged received on phoneId :0 subid: 2signalStrength=SignalStrength: 99 0 -120 -160 -120 -1 -1 24 -91 -4 -184 2147483647 2147483647 gsm|lte level=4
06-26 15:52:41.125 W/ActivityManager( 1208): getRunningAppProcesses: caller 10095 does not hold REAL_GET_TASKS; limiting output
06-26 15:52:41.125 W/ActivityManager( 1208): getRunningAppProcesses: caller 10095 does not hold REAL_GET_TASKS; limiting output
06-26 15:52:41.415 D/wpa_supplicant(31898): wlan0: Control interface command 'SIGNAL_POLL'
06-26 15:52:42.155 W/ActivityManager( 1208): getRunningAppProcesses: caller 10095 does not hold REAL_GET_TASKS; limiting output
06-26 15:52:42.155 W/ActivityManager( 1208): getRunningAppProcesses: caller 10095 does not hold REAL_GET_TASKS; limiting output
06-26 15:52:42.865 D/StatusBar.MSimNetworkController( 7276): onSignalStrengthsChanged received on phoneId :0 subid: 2signalStrength=SignalStrength: 99 0 -120 -160 -120 -1 -1 24 -91 -4 -184 2147483647 2147483647 gsm|lte level=4
06-26 15:52:42.865 D/StatusBar.MSimNetworkController( 7276): onSignalStrengthsChanged received on phoneId :0 subid: 2signalStrength=SignalStrength: 99 0 -120 -160 -120 -1 -1 24 -91 -4 -184 2147483647 2147483647 gsm|lte level=4
06-26 15:52:43.175 W/ActivityManager( 1208): getRunningAppProcesses: caller 10095 does not hold REAL_GET_TASKS; limiting output
06-26 15:52:43.185 W/ActivityManager( 1208): getRunningAppProcesses: caller 10095 does not hold REAL_GET_TASKS; limiting output
06-26 15:52:43.275 I/ServiceManager( 6987): Waiting for service AtCmdFwd...
06-26 15:52:44.205 W/ActivityManager( 1208): getRunningAppProcesses: caller 10095 does not hold REAL_GET_TASKS; limiting output
06-26 15:52:44.205 W/ActivityManager( 1208): getRunningAppProcesses: caller 10095 does not hold REAL_GET_TASKS; limiting output
06-26 15:52:44.275 I/ServiceManager( 6987): Waiting for service AtCmdFwd...
06-26 15:52:44.445 D/wpa_supplicant(31898): wlan0: Control interface command 'SIGNAL_POLL'
06-26 15:52:44.825 I/MSM-irqbalance(  616): Decided to move IRQ177 from CPU5 to CPU6
06-26 15:52:45.245 W/ActivityManager( 1208): getRunningAppProcesses: caller 10095 does not hold REAL_GET_TASKS; limiting output
06-26 15:52:45.245 W/ActivityManager( 1208): getRunningAppProcesses: caller 10095 does not hold REAL_GET_TASKS; limiting output
06-26 15:52:45.275 I/ServiceManager( 6987): Waiting for service AtCmdFwd...
06-26 15:52:45.415 D/StatusBar.MSimNetworkController( 7276): onSignalStrengthsChanged received on phoneId :0 subid: 2signalStrength=SignalStrength: 99 0 -120 -160 -120 -1 -1 24 -91 -4 -184 2147483647 2147483647 gsm|lte level=4
06-26 15:52:46.275 I/ServiceManager( 6987): Waiting for service AtCmdFwd...
06-26 15:52:46.275 W/ActivityManager( 1208): getRunningAppProcesses: caller 10095 does not hold REAL_GET_TASKS; limiting output
06-26 15:52:46.275 W/ActivityManager( 1208): getRunningAppProcesses: caller 10095 does not hold REAL_GET_TASKS; limiting output
06-26 15:52:46.695 D/StatusBar.MSimNetworkController( 7276): onSignalStrengthsChanged received on phoneId :0 subid: 2signalStrength=SignalStrength: 99 0 -120 -160 -120 -1 -1 24 -91 -4 -184 2147483647 2147483647 gsm|lte level=4
06-26 15:52:47.175 W/ActivityManager( 1208): getRunningAppProcesses: caller 10092 does not hold REAL_GET_TASKS; limiting output
06-26 15:52:47.275 I/ServiceManager( 6987): Waiting for service AtCmdFwd...
06-26 15:52:47.315 W/ActivityManager( 1208): getRunningAppProcesses: caller 10095 does not hold REAL_GET_TASKS; limiting output
06-26 15:52:47.315 W/ActivityManager( 1208): getRunningAppProcesses: caller 10095 does not hold REAL_GET_TASKS; limiting output
06-26 15:52:47.445 D/wpa_supplicant(31898): wlan0: Control interface command 'SIGNAL_POLL'
06-26 15:52:47.965 D/StatusBar.MSimNetworkController( 7276): onSignalStrengthsChanged received on phoneId :0 subid: 2signalStrength=SignalStrength: 99 0 -120 -160 -120 -1 -1 24 -91 -4 -184 2147483647 2147483647 gsm|lte level=4
06-26 15:52:48.275 W/Atfwd_Sendcmd( 6987): AtCmdFwd service not published, waiting... retryCnt : 1
06-26 15:52:48.355 W/ActivityManager( 1208): getRunningAppProcesses: caller 10095 does not hold REAL_GET_TASKS; limiting output
06-26 15:52:48.355 W/ActivityManager( 1208): getRunningAppProcesses: caller 10095 does not hold REAL_GET_TASKS; limiting output
06-26 15:52:49.105 D/PowerManagerService( 1208): to showLogHandlerThread quit!
06-26 15:52:49.115 I/unknown (20596): [onReceive] com.feinno.teatalk.FIN_ALARM 
06-26 15:52:49.115 I/unknown (20596): [initialize_core_service] cancel repeat service init 
06-26 15:52:49.115 W/ActivityManager( 1208): getRunningAppProcesses: caller 10095 does not hold REAL_GET_TASKS; limiting output
06-26 15:52:49.125 D/FinAlarmReceiver(20596): ~~~FinAlarmReceiver prepareKeeplive main not exists  mIsForeground=2
06-26 15:52:49.125 D/FinAlarmReceiver(20596): ~~~FinAlarmReceiver prepareKeeplive mIsForeground=2
06-26 15:52:49.125 I/TESTXU  (20596): send:7/4
06-26 15:52:49.125 I/unknown (20596): [createTransaction] 391712605  This message is: CinRequest
06-26 15:52:49.125 I/unknown (20596): Method : Logon
06-26 15:52:49.125 I/unknown (20596): Event : (Long)4|(HexString)04|(String)
06-26 15:52:49.125 I/unknown (20596): Status : (Long)2|(HexString)02|(String)
06-26 15:52:49.125 I/unknown (20596): Body : (Long)16855303|(HexString)0731010100|(String)1
06-26 15:52:49.125 I/unknown (20596):  
06-26 15:52:49.125 I/CinStack(20596): CreateTransaction
06-26 15:52:49.125 I/CinStack(20596): Method: [7]; key:[---15-]
06-26 15:52:49.125 I/CinStack(20596): Sending Request
06-26 15:52:49.125 I/CinStack(20596): This message is: CinRequest
06-26 15:52:49.125 I/CinStack(20596): Method : Logon
06-26 15:52:49.125 I/CinStack(20596): Event : (Long)4|(HexString)04|(String)
06-26 15:52:49.125 I/CinStack(20596): Status : (Long)2|(HexString)02|(String)
06-26 15:52:49.125 I/CinStack(20596): Csequence : (Long)15|(HexString)0F|(String)
06-26 15:52:49.125 I/CinStack(20596): Body : (Long)16855303|(HexString)0731010100|(String)1
06-26 15:52:49.125 I/unknown (20596): [send] 409268600 
06-26 15:52:49.135 I/unknown (20596): [sendTo] 409268600 
06-26 15:52:49.135 I/unknown (20596): [write] 409268600 
06-26 15:52:49.155 I/unknown (20596): [run] CinSocket recv 409268600 9 
06-26 15:52:49.155 I/unknown (20596): [responseReceived] 102359181 
06-26 15:52:49.165 I/unknown (20596): [addTask] 710048779 
06-26 15:52:49.165 I/unknown (20596): [run] 710048779 
06-26 15:52:49.165 I/unknown (20596): [receiveResponse] 130681645 
06-26 15:52:49.165 I/CinStack(20596): ResponseReceived. TransactionKey:
06-26 15:52:49.165 I/CinStack(20596): ---15-
06-26 15:52:49.165 I/CinStack(20596): ResponseReceived. TransactionKey:
06-26 15:52:49.165 I/CinStack(20596): This message is: CinResponse
06-26 15:52:49.165 I/CinStack(20596): ResponseCode : OK
06-26 15:52:49.165 I/CinStack(20596): Csequence : (Long)15|(HexString)0F|(String)
06-26 15:52:49.165 I/CinStack(20596): Expire : (Long)300|(HexString)2C01|(String),
06-26 15:52:49.165 I/unknown (20596): [onKeepAliveOk] expire:300 
06-26 15:52:49.165 W/AlarmManager( 1208): none no open power log
06-26 15:52:49.165 I/unknown (20596): [setNextFinAlarm] FinAlarmReceiver --- setNextFinAlarm expire = 270000 
06-26 15:52:49.165 I/TESTXU  (20596): onResponseReceived Time:4 Method/Event:7/4
06-26 15:52:49.395 W/ActivityManager( 1208): getRunningAppProcesses: caller 10095 does not hold REAL_GET_TASKS; limiting output
06-26 15:52:49.395 W/ActivityManager( 1208): getRunningAppProcesses: caller 10095 does not hold REAL_GET_TASKS; limiting output
06-26 15:52:49.675 D/StatusBar.MSimNetworkController( 7276): refreshViews connected={ wifi } level=4 mMSimcombinedSignalIconId=0x7f0201c4/com.android.systemui:drawable/stat_sys_wifi_signal_png_4_fully mMSimcombinedActivityIconId=0x7f0201be mAirplaneMode=false mMSimDataActivity=0 mMSimPhoneSignalIconId=0x7f0201b1/com.android.systemui:drawable/stat_sys_signal_4 mMSimDataDirectionIconId=0x0 mMSimDataSignalIconId=0x7f0201b1 mMSimDataTypeIconId=0x0/(null) mNoMSimIconId=0x0/(null) mMSimMobileActivityIconId=0x0/(null) mWifiIconId=0x7f0201c4 mBluetoothTetherIconId=0x108069f
06-26 15:52:50.425 W/ActivityManager( 1208): getRunningAppProcesses: caller 10095 does not hold REAL_GET_TASKS; limiting output
06-26 15:52:50.425 W/ActivityManager( 1208): getRunningAppProcesses: caller 10095 does not hold REAL_GET_TASKS; limiting output
06-26 15:52:50.475 D/wpa_supplicant(31898): wlan0: Control interface command 'SIGNAL_POLL'
06-26 15:52:50.545 D/StatusBar.MSimNetworkController( 7276): onSignalStrengthsChanged received on phoneId :0 subid: 2signalStrength=SignalStrength: 99 0 -120 -160 -120 -1 -1 24 -91 -4 -184 2147483647 2147483647 gsm|lte level=4
06-26 15:52:50.545 D/StatusBar.MSimNetworkController( 7276): onSignalStrengthsChanged received on phoneId :0 subid: 2signalStrength=SignalStrength: 99 0 -120 -160 -120 -1 -1 24 -91 -4 -184 2147483647 2147483647 gsm|lte level=4
06-26 15:52:50.665 D/StatusBar.MSimNetworkController( 7276): refreshViews connected={ wifi } level=4 mMSimcombinedSignalIconId=0x7f0201c4/com.android.systemui:drawable/stat_sys_wifi_signal_png_4_fully mMSimcombinedActivityIconId=0x7f0201bd mAirplaneMode=false mMSimDataActivity=0 mMSimPhoneSignalIconId=0x7f0201b1/com.android.systemui:drawable/stat_sys_signal_4 mMSimDataDirectionIconId=0x0 mMSimDataSignalIconId=0x7f0201b1 mMSimDataTypeIconId=0x0/(null) mNoMSimIconId=0x0/(null) mMSimMobileActivityIconId=0x0/(null) mWifiIconId=0x7f0201c4 mBluetoothTetherIconId=0x108069f
06-26 15:52:51.465 W/ActivityManager( 1208): getRunningAppProcesses: caller 10095 does not hold REAL_GET_TASKS; limiting output
06-26 15:52:51.465 W/ActivityManager( 1208): getRunningAppProcesses: caller 10095 does not hold REAL_GET_TASKS; limiting output
06-26 15:52:52.495 W/ActivityManager( 1208): getRunningAppProcesses: caller 10095 does not hold REAL_GET_TASKS; limiting output
06-26 15:52:52.495 W/ActivityManager( 1208): getRunningAppProcesses: caller 10095 does not hold REAL_GET_TASKS; limiting output
06-26 15:52:53.095 D/StatusBar.MSimNetworkController( 7276): onSignalStrengthsChanged received on phoneId :0 subid: 2signalStrength=SignalStrength: 99 0 -120 -160 -120 -1 -1 24 -91 -4 -184 2147483647 2147483647 gsm|lte level=4
06-26 15:52:53.275 I/ServiceManager( 6987): Waiting for service AtCmdFwd...
06-26 15:52:53.475 D/wpa_supplicant(31898): wlan0: Control interface command 'SIGNAL_POLL'
06-26 15:52:53.535 W/ActivityManager( 1208): getRunningAppProcesses: caller 10095 does not hold REAL_GET_TASKS; limiting output
06-26 15:52:53.535 W/ActivityManager( 1208): getRunningAppProcesses: caller 10095 does not hold REAL_GET_TASKS; limiting output
06-26 15:52:54.275 I/ServiceManager( 6987): Waiting for service AtCmdFwd...
06-26 15:52:54.365 D/StatusBar.MSimNetworkController( 7276): onSignalStrengthsChanged received on phoneId :0 subid: 2signalStrength=SignalStrength: 99 0 -120 -160 -120 -1 -1 24 -91 -4 -184 2147483647 2147483647 gsm|lte level=4
06-26 15:52:54.575 W/ActivityManager( 1208): getRunningAppProcesses: caller 10095 does not hold REAL_GET_TASKS; limiting output
06-26 15:52:54.575 W/ActivityManager( 1208): getRunningAppProcesses: caller 10095 does not hold REAL_GET_TASKS; limiting output
06-26 15:52:54.825 I/MSM-irqbalance(  616): Decided to move IRQ166 from CPU5 to CPU6
06-26 15:52:55.275 I/ServiceManager( 6987): Waiting for service AtCmdFwd...
06-26 15:52:55.615 W/ActivityManager( 1208): getRunningAppProcesses: caller 10095 does not hold REAL_GET_TASKS; limiting output
06-26 15:52:55.615 W/ActivityManager( 1208): getRunningAppProcesses: caller 10095 does not hold REAL_GET_TASKS; limiting output
06-26 15:52:55.655 D/StatusBar.MSimNetworkController( 7276): onSignalStrengthsChanged received on phoneId :0 subid: 2signalStrength=SignalStrength: 99 0 -120 -160 -120 -1 -1 26 -86 -7 -184 2147483647 2147483647 gsm|lte level=4
06-26 15:52:56.285 I/ServiceManager( 6987): Waiting for service AtCmdFwd...
06-26 15:52:56.485 D/wpa_supplicant(31898): wlan0: Control interface command 'SIGNAL_POLL'
06-26 15:52:56.645 W/ActivityManager( 1208): getRunningAppProcesses: caller 10095 does not hold REAL_GET_TASKS; limiting output
06-26 15:52:56.645 W/ActivityManager( 1208): getRunningAppProcesses: caller 10095 does not hold REAL_GET_TASKS; limiting output
06-26 15:52:57.285 I/ServiceManager( 6987): Waiting for service AtCmdFwd...
06-26 15:52:57.695 W/ActivityManager( 1208): getRunningAppProcesses: caller 10095 does not hold REAL_GET_TASKS; limiting output
06-26 15:52:57.695 W/ActivityManager( 1208): getRunningAppProcesses: caller 10095 does not hold REAL_GET_TASKS; limiting output
06-26 15:52:58.225 D/StatusBar.MSimNetworkController( 7276): onSignalStrengthsChanged received on phoneId :0 subid: 2signalStrength=SignalStrength: 99 0 -120 -160 -120 -1 -1 26 -86 -7 -184 2147483647 2147483647 gsm|lte level=4
06-26 15:52:58.225 D/StatusBar.MSimNetworkController( 7276): onSignalStrengthsChanged received on phoneId :0 subid: 2signalStrength=SignalStrength: 99 0 -120 -160 -120 -1 -1 26 -86 -7 -184 2147483647 2147483647 gsm|lte level=4
06-26 15:52:58.285 W/Atfwd_Sendcmd( 6987): AtCmdFwd service not published, waiting... retryCnt : 2
06-26 15:52:58.735 W/ActivityManager( 1208): getRunningAppProcesses: caller 10095 does not hold REAL_GET_TASKS; limiting output
06-26 15:52:58.735 W/ActivityManager( 1208): getRunningAppProcesses: caller 10095 does not hold REAL_GET_TASKS; limiting output
06-26 15:52:59.495 D/wpa_supplicant(31898): wlan0: Control interface command 'SIGNAL_POLL'
06-26 15:52:59.765 W/ActivityManager( 1208): getRunningAppProcesses: caller 10095 does not hold REAL_GET_TASKS; limiting output
06-26 15:52:59.765 W/ActivityManager( 1208): getRunningAppProcesses: caller 10095 does not hold REAL_GET_TASKS; limiting output
06-26 15:52:59.825 I/MSM-irqbalance(  616): Decided to move IRQ178 from CPU5 to CPU6
06-26 15:52:59.995 D/PowerManagerService( 1208): to showLogHandlerThread quit!
06-26 15:52:59.995 W/AlarmManager( 1208): none no open power log
06-26 15:53:00.025 W/ResourceType( 7980): No package identifier when getting value for resource number 0x00000000
06-26 15:53:00.025 W/PackageManager( 7980): Failure retrieving resources for cn.nubia.weather: Resource ID #0x0
06-26 15:53:00.085 I/TrafficService(11443): current minute : 53
06-26 15:53:00.775 D/StatusBar.MSimNetworkController( 7276): onSignalStrengthsChanged received on phoneId :0 subid: 2signalStrength=SignalStrength: 99 0 -120 -160 -120 -1 -1 25 -86 -4 -184 2147483647 2147483647 gsm|lte level=4
06-26 15:53:00.795 W/ActivityManager( 1208): getRunningAppProcesses: caller 10095 does not hold REAL_GET_TASKS; limiting output
06-26 15:53:00.795 W/ActivityManager( 1208): getRunningAppProcesses: caller 10095 does not hold REAL_GET_TASKS; limiting output
06-26 15:53:01.065 W/ActivityManager( 1208): getRunningAppProcesses: caller 10114 does not hold REAL_GET_TASKS; limiting output
06-26 15:53:01.845 W/ActivityManager( 1208): getRunningAppProcesses: caller 10095 does not hold REAL_GET_TASKS; limiting output
06-26 15:53:01.845 W/ActivityManager( 1208): getRunningAppProcesses: caller 10095 does not hold REAL_GET_TASKS; limiting output
06-26 15:53:02.055 D/StatusBar.MSimNetworkController( 7276): onSignalStrengthsChanged received on phoneId :0 subid: 2signalStrength=SignalStrength: 99 0 -120 -160 -120 -1 -1 25 -86 -4 -184 2147483647 2147483647 gsm|lte level=4
06-26 15:53:02.515 D/wpa_supplicant(31898): wlan0: Control interface command 'SIGNAL_POLL'
06-26 15:53:02.685 D/StatusBar.MSimNetworkController( 7276): refreshViews connected={ wifi } level=4 mMSimcombinedSignalIconId=0x7f0201c4/com.android.systemui:drawable/stat_sys_wifi_signal_png_4_fully mMSimcombinedActivityIconId=0x0 mAirplaneMode=false mMSimDataActivity=0 mMSimPhoneSignalIconId=0x7f0201b1/com.android.systemui:drawable/stat_sys_signal_4 mMSimDataDirectionIconId=0x0 mMSimDataSignalIconId=0x7f0201b1 mMSimDataTypeIconId=0x0/(null) mNoMSimIconId=0x0/(null) mMSimMobileActivityIconId=0x0/(null) mWifiIconId=0x7f0201c4 mBluetoothTetherIconId=0x108069f
06-26 15:53:02.855 W/ActivityManager( 1208): getRunningAppProcesses: caller 10095 does not hold REAL_GET_TASKS; limiting output
06-26 15:53:02.855 W/ActivityManager( 1208): getRunningAppProcesses: caller 10095 does not hold REAL_GET_TASKS; limiting output
06-26 15:53:03.325 D/StatusBar.MSimNetworkController( 7276): onSignalStrengthsChanged received on phoneId :0 subid: 2signalStrength=SignalStrength: 99 0 -120 -160 -120 -1 -1 25 -86 -4 -184 2147483647 2147483647 gsm|lte level=4
06-26 15:53:03.685 D/StatusBar.MSimNetworkController( 7276): refreshViews connected={ wifi } level=4 mMSimcombinedSignalIconId=0x7f0201c4/com.android.systemui:drawable/stat_sys_wifi_signal_png_4_fully mMSimcombinedActivityIconId=0x7f0201bd mAirplaneMode=false mMSimDataActivity=0 mMSimPhoneSignalIconId=0x7f0201b1/com.android.systemui:drawable/stat_sys_signal_4 mMSimDataDirectionIconId=0x0 mMSimDataSignalIconId=0x7f0201b1 mMSimDataTypeIconId=0x0/(null) mNoMSimIconId=0x0/(null) mMSimMobileActivityIconId=0x0/(null) mWifiIconId=0x7f0201c4 mBluetoothTetherIconId=0x108069f
06-26 15:53:03.895 W/ActivityManager( 1208): getRunningAppProcesses: caller 10095 does not hold REAL_GET_TASKS; limiting output
06-26 15:53:03.895 W/ActivityManager( 1208): getRunningAppProcesses: caller 10095 does not hold REAL_GET_TASKS; limiting output
06-26 15:53:04.825 I/MSM-irqbalance(  616): Decided to move IRQ129 from CPU7 to CPU6
06-26 15:53:04.895 W/ActivityManager( 1208): getRunningAppProcesses: caller 10092 does not hold REAL_GET_TASKS; limiting output
06-26 15:53:04.935 W/ActivityManager( 1208): getRunningAppProcesses: caller 10095 does not hold REAL_GET_TASKS; limiting output
06-26 15:53:04.935 W/ActivityManager( 1208): getRunningAppProcesses: caller 10095 does not hold REAL_GET_TASKS; limiting output
06-26 15:53:05.525 D/wpa_supplicant(31898): wlan0: Control interface command 'SIGNAL_POLL'
06-26 15:53:05.895 D/StatusBar.MSimNetworkController( 7276): onSignalStrengthsChanged received on phoneId :0 subid: 2signalStrength=SignalStrength: 99 0 -120 -160 -120 -1 -1 25 -86 -4 -184 2147483647 2147483647 gsm|lte level=4
06-26 15:53:05.895 D/StatusBar.MSimNetworkController( 7276): onSignalStrengthsChanged received on phoneId :0 subid: 2signalStrength=SignalStrength: 99 0 -120 -160 -120 -1 -1 24 -88 -4 -184 2147483647 2147483647 gsm|lte level=4
06-26 15:53:05.975 W/ActivityManager( 1208): getRunningAppProcesses: caller 10095 does not hold REAL_GET_TASKS; limiting output
06-26 15:53:05.975 W/ActivityManager( 1208): getRunningAppProcesses: caller 10095 does not hold REAL_GET_TASKS; limiting output
06-26 15:53:07.005 W/ActivityManager( 1208): getRunningAppProcesses: caller 10095 does not hold REAL_GET_TASKS; limiting output
06-26 15:53:07.005 W/ActivityManager( 1208): getRunningAppProcesses: caller 10095 does not hold REAL_GET_TASKS; limiting output
06-26 15:53:08.045 W/ActivityManager( 1208): getRunningAppProcesses: caller 10095 does not hold REAL_GET_TASKS; limiting output
06-26 15:53:08.045 W/ActivityManager( 1208): getRunningAppProcesses: caller 10095 does not hold REAL_GET_TASKS; limiting output
06-26 15:53:08.285 I/ServiceManager( 6987): Waiting for service AtCmdFwd...
06-26 15:53:08.455 D/StatusBar.MSimNetworkController( 7276): onSignalStrengthsChanged received on phoneId :0 subid: 2signalStrength=SignalStrength: 99 0 -120 -160 -120 -1 -1 24 -88 -4 -184 2147483647 2147483647 gsm|lte level=4
06-26 15:53:08.535 D/wpa_supplicant(31898): wlan0: Control interface command 'SIGNAL_POLL'
06-26 15:53:09.075 W/ActivityManager( 1208): getRunningAppProcesses: caller 10095 does not hold REAL_GET_TASKS; limiting output
06-26 15:53:09.075 W/ActivityManager( 1208): getRunningAppProcesses: caller 10095 does not hold REAL_GET_TASKS; limiting output
06-26 15:53:09.285 I/ServiceManager( 6987): Waiting for service AtCmdFwd...
06-26 15:53:09.735 D/StatusBar.MSimNetworkController( 7276): onSignalStrengthsChanged received on phoneId :0 subid: 2signalStrength=SignalStrength: 99 0 -120 -160 -120 -1 -1 24 -88 -4 -184 2147483647 2147483647 gsm|lte level=4
06-26 15:53:10.105 W/ActivityManager( 1208): getRunningAppProcesses: caller 10095 does not hold REAL_GET_TASKS; limiting output
06-26 15:53:10.105 W/ActivityManager( 1208): getRunningAppProcesses: caller 10095 does not hold REAL_GET_TASKS; limiting output
06-26 15:53:10.285 I/ServiceManager( 6987): Waiting for service AtCmdFwd...
