open /proc/kmsg failed: Permission denied
--------- beginning of system
06-26 15:50:24.105 W/ActivityManager( 1208): getRunningAppProcesses: caller 10095 does not hold REAL_GET_TASKS; limiting output
06-26 15:50:24.105 W/ActivityManager( 1208): getRunningAppProcesses: caller 10095 does not hold REAL_GET_TASKS; limiting output
--------- beginning of main
06-26 15:50:24.345 W/zipro   (11443): Error opening archive /storage/emulated/0/baobaosdk/baobao_sdk/plugin/sdk_zhwnl/baobao_sdk_4104.apk: Invalid file
06-26 15:50:24.355 D/asset   (11443): failed to open Zip archive '/storage/emulated/0/baobaosdk/baobao_sdk/plugin/sdk_zhwnl/baobao_sdk_4104.apk'
06-26 15:50:24.355 D/        (11443): Zip: EOCD not found, /storage/emulated/0/now/temp-auto.apk is not zip
06-26 15:50:24.355 W/zipro   (11443): Error opening archive /storage/emulated/0/now/temp-auto.apk: Invalid file
06-26 15:50:24.355 D/asset   (11443): failed to open Zip archive '/storage/emulated/0/now/temp-auto.apk'
06-26 15:50:24.355 D/        (11443): Zip: EOCD not found, /storage/emulated/0/now/temp.apk is not zip
06-26 15:50:24.355 W/zipro   (11443): Error opening archive /storage/emulated/0/now/temp.apk: Invalid file
06-26 15:50:24.355 D/asset   (11443): failed to open Zip archive '/storage/emulated/0/now/temp.apk'
06-26 15:50:24.355 D/SearchService(11443): in SearchThread after run isFinished = true
06-26 15:50:24.615 D/StatusBar.MSimNetworkController( 7276): onSignalStrengthsChanged received on phoneId :0 subid: 2signalStrength=SignalStrength: 99 0 -120 -160 -120 -1 -1 21 -96 -4 -184 2147483647 2147483647 gsm|lte level=4
06-26 15:50:24.615 D/StatusBar.MSimNetworkController( 7276): onSignalStrengthsChanged received on phoneId :0 subid: 2signalStrength=SignalStrength: 99 0 -120 -160 -120 -1 -1 21 -96 -4 -184 2147483647 2147483647 gsm|lte level=4
06-26 15:50:24.825 I/MSM-irqbalance(  616): Decided to move IRQ178 from CPU4 to CPU7
06-26 15:50:25.145 W/ActivityManager( 1208): getRunningAppProcesses: caller 10095 does not hold REAL_GET_TASKS; limiting output
06-26 15:50:25.145 W/ActivityManager( 1208): getRunningAppProcesses: caller 10095 does not hold REAL_GET_TASKS; limiting output
06-26 15:50:25.645 D/wpa_supplicant(31898): wlan0: Control interface command 'SIGNAL_POLL'
06-26 15:50:26.185 W/ActivityManager( 1208): getRunningAppProcesses: caller 10095 does not hold REAL_GET_TASKS; limiting output
06-26 15:50:26.185 W/ActivityManager( 1208): getRunningAppProcesses: caller 10095 does not hold REAL_GET_TASKS; limiting output
06-26 15:50:27.175 D/StatusBar.MSimNetworkController( 7276): onSignalStrengthsChanged received on phoneId :0 subid: 2signalStrength=SignalStrength: 99 0 -120 -160 -120 -1 -1 21 -96 -4 -184 2147483647 2147483647 gsm|lte level=4
06-26 15:50:27.225 W/ActivityManager( 1208): getRunningAppProcesses: caller 10095 does not hold REAL_GET_TASKS; limiting output
06-26 15:50:27.225 W/ActivityManager( 1208): getRunningAppProcesses: caller 10095 does not hold REAL_GET_TASKS; limiting output
06-26 15:50:27.375 D/StatusBar.MSimNetworkController( 7276): refreshViews connected={ wifi } level=4 mMSimcombinedSignalIconId=0x7f0201c4/com.android.systemui:drawable/stat_sys_wifi_signal_png_4_fully mMSimcombinedActivityIconId=0x0 mAirplaneMode=false mMSimDataActivity=0 mMSimPhoneSignalIconId=0x7f0201b1/com.android.systemui:drawable/stat_sys_signal_4 mMSimDataDirectionIconId=0x0 mMSimDataSignalIconId=0x7f0201b1 mMSimDataTypeIconId=0x0/(null) mNoMSimIconId=0x0/(null) mMSimMobileActivityIconId=0x0/(null) mWifiIconId=0x7f0201c4 mBluetoothTetherIconId=0x108069f
06-26 15:50:28.265 W/ActivityManager( 1208): getRunningAppProcesses: caller 10095 does not hold REAL_GET_TASKS; limiting output
06-26 15:50:28.265 W/ActivityManager( 1208): getRunningAppProcesses: caller 10095 does not hold REAL_GET_TASKS; limiting output
06-26 15:50:28.375 D/StatusBar.MSimNetworkController( 7276): refreshViews connected={ wifi } level=4 mMSimcombinedSignalIconId=0x7f0201c4/com.android.systemui:drawable/stat_sys_wifi_signal_png_4_fully mMSimcombinedActivityIconId=0x7f0201bd mAirplaneMode=false mMSimDataActivity=0 mMSimPhoneSignalIconId=0x7f0201b1/com.android.systemui:drawable/stat_sys_signal_4 mMSimDataDirectionIconId=0x0 mMSimDataSignalIconId=0x7f0201b1 mMSimDataTypeIconId=0x0/(null) mNoMSimIconId=0x0/(null) mMSimMobileActivityIconId=0x0/(null) mWifiIconId=0x7f0201c4 mBluetoothTetherIconId=0x108069f
06-26 15:50:28.455 D/StatusBar.MSimNetworkController( 7276): onSignalStrengthsChanged received on phoneId :0 subid: 2signalStrength=SignalStrength: 99 0 -120 -160 -120 -1 -1 21 -96 -4 -184 2147483647 2147483647 gsm|lte level=4
06-26 15:50:28.655 D/wpa_supplicant(31898): wlan0: Control interface command 'SIGNAL_POLL'
06-26 15:50:28.935 D/WifiService( 1208): New client listening to asynchronous messages
06-26 15:50:28.945 I/QQPimSecure( 8403): wup request: 1
06-26 15:50:28.955 I/WupSessionHelperImpl( 8403): getUserInfo() product: 13
06-26 15:50:28.955 I/WupSessionHelperImpl( 8403): getUserInfo() new guid: 03021316120421573000237593841227
06-26 15:50:28.955 D/WupSessionHelperImpl( 8403):  runHttpSession() url:http://pmir.3g.qq.com
06-26 15:50:28.965 D/HttpConnection( 8403):  couldNotConnect()
06-26 15:50:28.965 D/HttpConnection( 8403):  couldNotConnect() diff: -1498463428968
06-26 15:50:28.965 D/HttpConnection( 8403):  couldNotConnect() false
06-26 15:50:28.965 D/WupSessionHelperImpl( 8403):  runHttpSession() couldNotConnect:false
06-26 15:50:28.965 I/Chord   ( 8403): couldFetchCloud() mIsCloudReady: false
06-26 15:50:29.005 I/HttpConnection( 8403): initConnection() openTimeMillis: 10
06-26 15:50:29.005 D/HttpConnection( 8403):  couldNotConnect()
06-26 15:50:29.005 D/HttpConnection( 8403):  couldNotConnect() diff: -1498463429015
06-26 15:50:29.005 D/HttpConnection( 8403):  couldNotConnect() false
06-26 15:50:29.005 D/sendRequest( 8403):  sendRequest() couldNotConnect:false
06-26 15:50:29.025 I/HttpConnection( 8403): sendRequest() connectTimeMillis: 12
06-26 15:50:29.035 D/HttpConnection( 8403): HttpUrlConn.getResponseCode : 200
06-26 15:50:29.055 I/ThreadPool( 8403): shrink core pool size: 0
06-26 15:50:29.305 W/ActivityManager( 1208): getRunningAppProcesses: caller 10095 does not hold REAL_GET_TASKS; limiting output
06-26 15:50:29.305 W/ActivityManager( 1208): getRunningAppProcesses: caller 10095 does not hold REAL_GET_TASKS; limiting output
06-26 15:50:29.375 D/StatusBar.MSimNetworkController( 7276): refreshViews connected={ wifi } level=4 mMSimcombinedSignalIconId=0x7f0201c4/com.android.systemui:drawable/stat_sys_wifi_signal_png_4_fully mMSimcombinedActivityIconId=0x7f0201be mAirplaneMode=false mMSimDataActivity=0 mMSimPhoneSignalIconId=0x7f0201b1/com.android.systemui:drawable/stat_sys_signal_4 mMSimDataDirectionIconId=0x0 mMSimDataSignalIconId=0x7f0201b1 mMSimDataTypeIconId=0x0/(null) mNoMSimIconId=0x0/(null) mMSimMobileActivityIconId=0x0/(null) mWifiIconId=0x7f0201c4 mBluetoothTetherIconId=0x108069f
06-26 15:50:29.725 D/StatusBar.MSimNetworkController( 7276): onSignalStrengthsChanged received on phoneId :0 subid: 2signalStrength=SignalStrength: 99 0 -120 -160 -120 -1 -1 21 -96 -4 -184 2147483647 2147483647 gsm|lte level=4
06-26 15:50:30.345 W/ActivityManager( 1208): getRunningAppProcesses: caller 10095 does not hold REAL_GET_TASKS; limiting output
06-26 15:50:30.345 W/ActivityManager( 1208): getRunningAppProcesses: caller 10095 does not hold REAL_GET_TASKS; limiting output
06-26 15:50:30.375 D/StatusBar.MSimNetworkController( 7276): refreshViews connected={ wifi } level=4 mMSimcombinedSignalIconId=0x7f0201c4/com.android.systemui:drawable/stat_sys_wifi_signal_png_4_fully mMSimcombinedActivityIconId=0x7f0201bd mAirplaneMode=false mMSimDataActivity=0 mMSimPhoneSignalIconId=0x7f0201b1/com.android.systemui:drawable/stat_sys_signal_4 mMSimDataDirectionIconId=0x0 mMSimDataSignalIconId=0x7f0201b1 mMSimDataTypeIconId=0x0/(null) mNoMSimIconId=0x0/(null) mMSimMobileActivityIconId=0x0/(null) mWifiIconId=0x7f0201c4 mBluetoothTetherIconId=0x108069f
06-26 15:50:31.055 W/ActivityManager( 1208): getRunningAppProcesses: caller 10114 does not hold REAL_GET_TASKS; limiting output
06-26 15:50:31.385 D/StatusBar.MSimNetworkController( 7276): refreshViews connected={ wifi } level=4 mMSimcombinedSignalIconId=0x7f0201c4/com.android.systemui:drawable/stat_sys_wifi_signal_png_4_fully mMSimcombinedActivityIconId=0x0 mAirplaneMode=false mMSimDataActivity=0 mMSimPhoneSignalIconId=0x7f0201b1/com.android.systemui:drawable/stat_sys_signal_4 mMSimDataDirectionIconId=0x0 mMSimDataSignalIconId=0x7f0201b1 mMSimDataTypeIconId=0x0/(null) mNoMSimIconId=0x0/(null) mMSimMobileActivityIconId=0x0/(null) mWifiIconId=0x7f0201c4 mBluetoothTetherIconId=0x108069f
06-26 15:50:31.385 W/ActivityManager( 1208): getRunningAppProcesses: caller 10095 does not hold REAL_GET_TASKS; limiting output
06-26 15:50:31.385 W/ActivityManager( 1208): getRunningAppProcesses: caller 10095 does not hold REAL_GET_TASKS; limiting output
06-26 15:50:31.675 D/wpa_supplicant(31898): wlan0: Control interface command 'SIGNAL_POLL'
06-26 15:50:32.295 D/StatusBar.MSimNetworkController( 7276): onSignalStrengthsChanged received on phoneId :0 subid: 2signalStrength=SignalStrength: 99 0 -120 -160 -120 -1 -1 21 -96 -4 -184 2147483647 2147483647 gsm|lte level=4
06-26 15:50:32.305 D/StatusBar.MSimNetworkController( 7276): onSignalStrengthsChanged received on phoneId :0 subid: 2signalStrength=SignalStrength: 99 0 -120 -160 -120 -1 -1 21 -96 -4 -184 2147483647 2147483647 gsm|lte level=4
06-26 15:50:32.385 D/StatusBar.MSimNetworkController( 7276): refreshViews connected={ wifi } level=4 mMSimcombinedSignalIconId=0x7f0201c4/com.android.systemui:drawable/stat_sys_wifi_signal_png_4_fully mMSimcombinedActivityIconId=0x7f0201bd mAirplaneMode=false mMSimDataActivity=0 mMSimPhoneSignalIconId=0x7f0201b1/com.android.systemui:drawable/stat_sys_signal_4 mMSimDataDirectionIconId=0x0 mMSimDataSignalIconId=0x7f0201b1 mMSimDataTypeIconId=0x0/(null) mNoMSimIconId=0x0/(null) mMSimMobileActivityIconId=0x0/(null) mWifiIconId=0x7f0201c4 mBluetoothTetherIconId=0x108069f
06-26 15:50:32.425 W/ActivityManager( 1208): getRunningAppProcesses: caller 10095 does not hold REAL_GET_TASKS; limiting output
06-26 15:50:32.425 W/ActivityManager( 1208): getRunningAppProcesses: caller 10095 does not hold REAL_GET_TASKS; limiting output
06-26 15:50:33.465 W/ActivityManager( 1208): getRunningAppProcesses: caller 10095 does not hold REAL_GET_TASKS; limiting output
06-26 15:50:33.465 W/ActivityManager( 1208): getRunningAppProcesses: caller 10095 does not hold REAL_GET_TASKS; limiting output
06-26 15:50:34.505 W/ActivityManager( 1208): getRunningAppProcesses: caller 10095 does not hold REAL_GET_TASKS; limiting output
06-26 15:50:34.515 W/ActivityManager( 1208): getRunningAppProcesses: caller 10095 does not hold REAL_GET_TASKS; limiting output
06-26 15:50:34.705 D/wpa_supplicant(31898): wlan0: Control interface command 'SIGNAL_POLL'
06-26 15:50:34.825 I/MSM-irqbalance(  616): Decided to move IRQ240 from CPU4 to CPU7
06-26 15:50:34.855 D/StatusBar.MSimNetworkController( 7276): onSignalStrengthsChanged received on phoneId :0 subid: 2signalStrength=SignalStrength: 99 0 -120 -160 -120 -1 -1 21 -96 -4 -184 2147483647 2147483647 gsm|lte level=4
06-26 15:50:35.485 V/ApplicationNetworkController( 1208): do not set again, mobile=true, wifi=true for com.eg.android.AlipayGphone
06-26 15:50:35.565 W/ActivityManager( 1208): getRunningAppProcesses: caller 10095 does not hold REAL_GET_TASKS; limiting output
06-26 15:50:35.565 W/ActivityManager( 1208): getRunningAppProcesses: caller 10095 does not hold REAL_GET_TASKS; limiting output
06-26 15:50:35.795 W/AlarmManager( 1208): none no open power log
06-26 15:50:35.845 W/AlarmManager( 1208): none no open power log
06-26 15:50:36.135 D/StatusBar.MSimNetworkController( 7276): onSignalStrengthsChanged received on phoneId :0 subid: 2signalStrength=SignalStrength: 99 0 -120 -160 -120 -1 -1 21 -96 -5 -184 2147483647 2147483647 gsm|lte level=4
06-26 15:50:36.395 D/StatusBar.MSimNetworkController( 7276): refreshViews connected={ wifi } level=4 mMSimcombinedSignalIconId=0x7f0201c4/com.android.systemui:drawable/stat_sys_wifi_signal_png_4_fully mMSimcombinedActivityIconId=0x7f0201be mAirplaneMode=false mMSimDataActivity=0 mMSimPhoneSignalIconId=0x7f0201b1/com.android.systemui:drawable/stat_sys_signal_4 mMSimDataDirectionIconId=0x0 mMSimDataSignalIconId=0x7f0201b1 mMSimDataTypeIconId=0x0/(null) mNoMSimIconId=0x0/(null) mMSimMobileActivityIconId=0x0/(null) mWifiIconId=0x7f0201c4 mBluetoothTetherIconId=0x108069f
06-26 15:50:36.605 W/ActivityManager( 1208): getRunningAppProcesses: caller 10095 does not hold REAL_GET_TASKS; limiting output
06-26 15:50:36.605 W/ActivityManager( 1208): getRunningAppProcesses: caller 10095 does not hold REAL_GET_TASKS; limiting output
06-26 15:50:37.395 D/StatusBar.MSimNetworkController( 7276): refreshViews connected={ wifi } level=4 mMSimcombinedSignalIconId=0x7f0201c4/com.android.systemui:drawable/stat_sys_wifi_signal_png_4_fully mMSimcombinedActivityIconId=0x7f0201bd mAirplaneMode=false mMSimDataActivity=0 mMSimPhoneSignalIconId=0x7f0201b1/com.android.systemui:drawable/stat_sys_signal_4 mMSimDataDirectionIconId=0x0 mMSimDataSignalIconId=0x7f0201b1 mMSimDataTypeIconId=0x0/(null) mNoMSimIconId=0x0/(null) mMSimMobileActivityIconId=0x0/(null) mWifiIconId=0x7f0201c4 mBluetoothTetherIconId=0x108069f
06-26 15:50:37.415 D/StatusBar.MSimNetworkController( 7276): onSignalStrengthsChanged received on phoneId :0 subid: 2signalStrength=SignalStrength: 99 0 -120 -160 -120 -1 -1 21 -96 -5 -184 2147483647 2147483647 gsm|lte level=4
06-26 15:50:37.645 W/ActivityManager( 1208): getRunningAppProcesses: caller 10095 does not hold REAL_GET_TASKS; limiting output
06-26 15:50:37.645 W/ActivityManager( 1208): getRunningAppProcesses: caller 10095 does not hold REAL_GET_TASKS; limiting output
06-26 15:50:37.705 D/wpa_supplicant(31898): wlan0: Control interface command 'SIGNAL_POLL'
06-26 15:50:38.245 I/Atfwd_Sendcmd( 6987): AtCmdFwd service not ready - Exhausted retry attempts - :6
06-26 15:50:38.245 I/Atfwd_Daemon( 6987): result : -1 	 ,Init step :2 	 ,qmiErrorCode: 0
06-26 15:50:38.395 D/StatusBar.MSimNetworkController( 7276): refreshViews connected={ wifi } level=4 mMSimcombinedSignalIconId=0x7f0201c4/com.android.systemui:drawable/stat_sys_wifi_signal_png_4_fully mMSimcombinedActivityIconId=0x0 mAirplaneMode=false mMSimDataActivity=0 mMSimPhoneSignalIconId=0x7f0201b1/com.android.systemui:drawable/stat_sys_signal_4 mMSimDataDirectionIconId=0x0 mMSimDataSignalIconId=0x7f0201b1 mMSimDataTypeIconId=0x0/(null) mNoMSimIconId=0x0/(null) mMSimMobileActivityIconId=0x0/(null) mWifiIconId=0x7f0201c4 mBluetoothTetherIconId=0x108069f
06-26 15:50:38.675 W/ActivityManager( 1208): getRunningAppProcesses: caller 10095 does not hold REAL_GET_TASKS; limiting output
06-26 15:50:38.675 W/ActivityManager( 1208): getRunningAppProcesses: caller 10095 does not hold REAL_GET_TASKS; limiting output
06-26 15:50:39.405 D/StatusBar.MSimNetworkController( 7276): refreshViews connected={ wifi } level=4 mMSimcombinedSignalIconId=0x7f0201c4/com.android.systemui:drawable/stat_sys_wifi_signal_png_4_fully mMSimcombinedActivityIconId=0x7f0201bd mAirplaneMode=false mMSimDataActivity=0 mMSimPhoneSignalIconId=0x7f0201b1/com.android.systemui:drawable/stat_sys_signal_4 mMSimDataDirectionIconId=0x0 mMSimDataSignalIconId=0x7f0201b1 mMSimDataTypeIconId=0x0/(null) mNoMSimIconId=0x0/(null) mMSimMobileActivityIconId=0x0/(null) mWifiIconId=0x7f0201c4 mBluetoothTetherIconId=0x108069f
06-26 15:50:39.715 W/ActivityManager( 1208): getRunningAppProcesses: caller 10095 does not hold REAL_GET_TASKS; limiting output
06-26 15:50:39.715 W/ActivityManager( 1208): getRunningAppProcesses: caller 10095 does not hold REAL_GET_TASKS; limiting output
06-26 15:50:39.825 I/MSM-irqbalance(  616): Decided to move IRQ128 from CPU4 to CPU7
06-26 15:50:40.015 D/StatusBar.MSimNetworkController( 7276): onSignalStrengthsChanged received on phoneId :0 subid: 2signalStrength=SignalStrength: 99 0 -120 -160 -120 -1 -1 21 -96 -5 -184 2147483647 2147483647 gsm|lte level=4
06-26 15:50:40.015 D/StatusBar.MSimNetworkController( 7276): onSignalStrengthsChanged received on phoneId :0 subid: 2signalStrength=SignalStrength: 99 0 -120 -160 -120 -1 -1 21 -96 -5 -184 2147483647 2147483647 gsm|lte level=4
06-26 15:50:40.725 D/wpa_supplicant(31898): wlan0: Control interface command 'SIGNAL_POLL'
06-26 15:50:40.745 W/ActivityManager( 1208): getRunningAppProcesses: caller 10095 does not hold REAL_GET_TASKS; limiting output
06-26 15:50:40.755 W/ActivityManager( 1208): getRunningAppProcesses: caller 10095 does not hold REAL_GET_TASKS; limiting output
06-26 15:50:41.785 W/ActivityManager( 1208): getRunningAppProcesses: caller 10095 does not hold REAL_GET_TASKS; limiting output
06-26 15:50:41.785 W/ActivityManager( 1208): getRunningAppProcesses: caller 10095 does not hold REAL_GET_TASKS; limiting output
06-26 15:50:42.415 D/StatusBar.MSimNetworkController( 7276): refreshViews connected={ wifi } level=4 mMSimcombinedSignalIconId=0x7f0201c4/com.android.systemui:drawable/stat_sys_wifi_signal_png_4_fully mMSimcombinedActivityIconId=0x0 mAirplaneMode=false mMSimDataActivity=0 mMSimPhoneSignalIconId=0x7f0201b1/com.android.systemui:drawable/stat_sys_signal_4 mMSimDataDirectionIconId=0x0 mMSimDataSignalIconId=0x7f0201b1 mMSimDataTypeIconId=0x0/(null) mNoMSimIconId=0x0/(null) mMSimMobileActivityIconId=0x0/(null) mWifiIconId=0x7f0201c4 mBluetoothTetherIconId=0x108069f
06-26 15:50:42.535 D/StatusBar.MSimNetworkController( 7276): onSignalStrengthsChanged received on phoneId :0 subid: 2signalStrength=SignalStrength: 99 0 -120 -160 -120 -1 -1 21 -96 -4 -184 2147483647 2147483647 gsm|lte level=4
06-26 15:50:42.825 W/ActivityManager( 1208): getRunningAppProcesses: caller 10095 does not hold REAL_GET_TASKS; limiting output
06-26 15:50:42.825 W/ActivityManager( 1208): getRunningAppProcesses: caller 10095 does not hold REAL_GET_TASKS; limiting output
06-26 15:50:43.415 D/StatusBar.MSimNetworkController( 7276): refreshViews connected={ wifi } level=4 mMSimcombinedSignalIconId=0x7f0201c4/com.android.systemui:drawable/stat_sys_wifi_signal_png_4_fully mMSimcombinedActivityIconId=0x7f0201bd mAirplaneMode=false mMSimDataActivity=0 mMSimPhoneSignalIconId=0x7f0201b1/com.android.systemui:drawable/stat_sys_signal_4 mMSimDataDirectionIconId=0x0 mMSimDataSignalIconId=0x7f0201b1 mMSimDataTypeIconId=0x0/(null) mNoMSimIconId=0x0/(null) mMSimMobileActivityIconId=0x0/(null) mWifiIconId=0x7f0201c4 mBluetoothTetherIconId=0x108069f
06-26 15:50:43.735 D/wpa_supplicant(31898): wlan0: Control interface command 'SIGNAL_POLL'
06-26 15:50:43.815 D/StatusBar.MSimNetworkController( 7276): onSignalStrengthsChanged received on phoneId :0 subid: 2signalStrength=SignalStrength: 99 0 -120 -160 -120 -1 -1 21 -96 -4 -184 2147483647 2147483647 gsm|lte level=4
06-26 15:50:43.865 W/ActivityManager( 1208): getRunningAppProcesses: caller 10095 does not hold REAL_GET_TASKS; limiting output
06-26 15:50:43.865 W/ActivityManager( 1208): getRunningAppProcesses: caller 10095 does not hold REAL_GET_TASKS; limiting output
06-26 15:50:44.895 W/ActivityManager( 1208): getRunningAppProcesses: caller 10095 does not hold REAL_GET_TASKS; limiting output
06-26 15:50:44.905 W/ActivityManager( 1208): getRunningAppProcesses: caller 10095 does not hold REAL_GET_TASKS; limiting output
06-26 15:50:45.085 D/StatusBar.MSimNetworkController( 7276): onSignalStrengthsChanged received on phoneId :0 subid: 2signalStrength=SignalStrength: 99 0 -120 -160 -120 -1 -1 21 -96 -4 -184 2147483647 2147483647 gsm|lte level=4
06-26 15:50:45.735 D/ProfileUpload( 8403): uploadTask
06-26 15:50:45.735 D/RawDBService( 8403): query|caller=4294967297|authority=QQSecureProvider|table=profile_fifo_upload_queue
06-26 15:50:45.735 I/PiDBProvider( 8403): addCursorId: 1-
06-26 15:50:45.755 W/ProfileUpload( 8403): uploadTask no more task
06-26 15:50:45.945 W/ActivityManager( 1208): getRunningAppProcesses: caller 10095 does not hold REAL_GET_TASKS; limiting output
06-26 15:50:45.945 W/ActivityManager( 1208): getRunningAppProcesses: caller 10095 does not hold REAL_GET_TASKS; limiting output
06-26 15:50:46.755 D/wpa_supplicant(31898): wlan0: Control interface command 'SIGNAL_POLL'
06-26 15:50:46.975 W/ActivityManager( 1208): getRunningAppProcesses: caller 10095 does not hold REAL_GET_TASKS; limiting output
06-26 15:50:46.975 W/ActivityManager( 1208): getRunningAppProcesses: caller 10095 does not hold REAL_GET_TASKS; limiting output
06-26 15:50:47.005 W/ActivityManager( 1208): getRunningAppProcesses: caller 10092 does not hold REAL_GET_TASKS; limiting output
06-26 15:50:47.655 D/StatusBar.MSimNetworkController( 7276): onSignalStrengthsChanged received on phoneId :0 subid: 2signalStrength=SignalStrength: 99 0 -120 -160 -120 -1 -1 21 -96 -4 -184 2147483647 2147483647 gsm|lte level=4
06-26 15:50:47.665 D/StatusBar.MSimNetworkController( 7276): onSignalStrengthsChanged received on phoneId :0 subid: 2signalStrength=SignalStrength: 99 0 -120 -160 -120 -1 -1 21 -96 -4 -184 2147483647 2147483647 gsm|lte level=4
06-26 15:50:48.015 W/ActivityManager( 1208): getRunningAppProcesses: caller 10095 does not hold REAL_GET_TASKS; limiting output
06-26 15:50:48.015 W/ActivityManager( 1208): getRunningAppProcesses: caller 10095 does not hold REAL_GET_TASKS; limiting output
06-26 15:50:48.255 I/ServiceManager( 6987): Waiting for service AtCmdFwd...
06-26 15:50:49.055 W/ActivityManager( 1208): getRunningAppProcesses: caller 10095 does not hold REAL_GET_TASKS; limiting output
06-26 15:50:49.055 W/ActivityManager( 1208): getRunningAppProcesses: caller 10095 does not hold REAL_GET_TASKS; limiting output
06-26 15:50:49.255 I/ServiceManager( 6987): Waiting for service AtCmdFwd...
06-26 15:50:49.775 D/wpa_supplicant(31898): wlan0: Control interface command 'SIGNAL_POLL'
06-26 15:50:49.825 I/MSM-irqbalance(  616): Decided to move IRQ166 from CPU7 to CPU5
06-26 15:50:50.095 W/ActivityManager( 1208): getRunningAppProcesses: caller 10095 does not hold REAL_GET_TASKS; limiting output
06-26 15:50:50.095 W/ActivityManager( 1208): getRunningAppProcesses: caller 10095 does not hold REAL_GET_TASKS; limiting output
06-26 15:50:50.215 D/StatusBar.MSimNetworkController( 7276): onSignalStrengthsChanged received on phoneId :0 subid: 2signalStrength=SignalStrength: 99 0 -120 -160 -120 -1 -1 21 -96 -4 -184 2147483647 2147483647 gsm|lte level=4
06-26 15:50:50.255 I/ServiceManager( 6987): Waiting for service AtCmdFwd...
06-26 15:50:51.145 W/ActivityManager( 1208): getRunningAppProcesses: caller 10095 does not hold REAL_GET_TASKS; limiting output
06-26 15:50:51.145 W/ActivityManager( 1208): getRunningAppProcesses: caller 10095 does not hold REAL_GET_TASKS; limiting output
06-26 15:50:51.255 I/ServiceManager( 6987): Waiting for service AtCmdFwd...
06-26 15:50:51.415 D/StatusBar.MSimNetworkController( 7276): refreshViews connected={ wifi } level=4 mMSimcombinedSignalIconId=0x7f0201c4/com.android.systemui:drawable/stat_sys_wifi_signal_png_4_fully mMSimcombinedActivityIconId=0x0 mAirplaneMode=false mMSimDataActivity=0 mMSimPhoneSignalIconId=0x7f0201b1/com.android.systemui:drawable/stat_sys_signal_4 mMSimDataDirectionIconId=0x0 mMSimDataSignalIconId=0x7f0201b1 mMSimDataTypeIconId=0x0/(null) mNoMSimIconId=0x0/(null) mMSimMobileActivityIconId=0x0/(null) mWifiIconId=0x7f0201c4 mBluetoothTetherIconId=0x108069f
06-26 15:50:51.495 D/StatusBar.MSimNetworkController( 7276): onSignalStrengthsChanged received on phoneId :0 subid: 2signalStrength=SignalStrength: 99 0 -120 -160 -120 -1 -1 24 -91 -4 -184 2147483647 2147483647 gsm|lte level=4
06-26 15:50:51.915 E/dmapp   (  385): dmapp is still alive.
06-26 15:50:52.185 W/ActivityManager( 1208): getRunningAppProcesses: caller 10095 does not hold REAL_GET_TASKS; limiting output
06-26 15:50:52.185 W/ActivityManager( 1208): getRunningAppProcesses: caller 10095 does not hold REAL_GET_TASKS; limiting output
06-26 15:50:52.255 I/ServiceManager( 6987): Waiting for service AtCmdFwd...
06-26 15:50:52.425 D/StatusBar.MSimNetworkController( 7276): refreshViews connected={ wifi } level=4 mMSimcombinedSignalIconId=0x7f0201c4/com.android.systemui:drawable/stat_sys_wifi_signal_png_4_fully mMSimcombinedActivityIconId=0x7f0201bd mAirplaneMode=false mMSimDataActivity=0 mMSimPhoneSignalIconId=0x7f0201b1/com.android.systemui:drawable/stat_sys_signal_4 mMSimDataDirectionIconId=0x0 mMSimDataSignalIconId=0x7f0201b1 mMSimDataTypeIconId=0x0/(null) mNoMSimIconId=0x0/(null) mMSimMobileActivityIconId=0x0/(null) mWifiIconId=0x7f0201c4 mBluetoothTetherIconId=0x108069f
06-26 15:50:52.775 D/StatusBar.MSimNetworkController( 7276): onSignalStrengthsChanged received on phoneId :0 subid: 2signalStrength=SignalStrength: 99 0 -120 -160 -120 -1 -1 24 -91 -4 -184 2147483647 2147483647 gsm|lte level=4
06-26 15:50:52.785 D/wpa_supplicant(31898): wlan0: Control interface command 'SIGNAL_POLL'
06-26 15:50:53.225 W/ActivityManager( 1208): getRunningAppProcesses: caller 10095 does not hold REAL_GET_TASKS; limiting output
06-26 15:50:53.225 W/ActivityManager( 1208): getRunningAppProcesses: caller 10095 does not hold REAL_GET_TASKS; limiting output
06-26 15:50:53.255 W/Atfwd_Sendcmd( 6987): AtCmdFwd service not published, waiting... retryCnt : 1
06-26 15:50:54.265 W/ActivityManager( 1208): getRunningAppProcesses: caller 10095 does not hold REAL_GET_TASKS; limiting output
06-26 15:50:54.265 W/ActivityManager( 1208): getRunningAppProcesses: caller 10095 does not hold REAL_GET_TASKS; limiting output
06-26 15:50:54.825 I/MSM-irqbalance(  616): Decided to move IRQ178 from CPU7 to CPU5
06-26 15:50:55.305 W/ActivityManager( 1208): getRunningAppProcesses: caller 10095 does not hold REAL_GET_TASKS; limiting output
06-26 15:50:55.305 W/ActivityManager( 1208): getRunningAppProcesses: caller 10095 does not hold REAL_GET_TASKS; limiting output
06-26 15:50:55.335 D/StatusBar.MSimNetworkController( 7276): onSignalStrengthsChanged received on phoneId :0 subid: 2signalStrength=SignalStrength: 99 0 -120 -160 -120 -1 -1 23 -91 -4 -184 2147483647 2147483647 gsm|lte level=4
06-26 15:50:55.335 D/StatusBar.MSimNetworkController( 7276): onSignalStrengthsChanged received on phoneId :0 subid: 2signalStrength=SignalStrength: 99 0 -120 -160 -120 -1 -1 23 -91 -4 -184 2147483647 2147483647 gsm|lte level=4
06-26 15:50:55.805 D/wpa_supplicant(31898): wlan0: Control interface command 'SIGNAL_POLL'
06-26 15:50:56.345 W/ActivityManager( 1208): getRunningAppProcesses: caller 10095 does not hold REAL_GET_TASKS; limiting output
06-26 15:50:56.345 W/ActivityManager( 1208): getRunningAppProcesses: caller 10095 does not hold REAL_GET_TASKS; limiting output
06-26 15:50:57.395 W/ActivityManager( 1208): getRunningAppProcesses: caller 10095 does not hold REAL_GET_TASKS; limiting output
06-26 15:50:57.395 W/ActivityManager( 1208): getRunningAppProcesses: caller 10095 does not hold REAL_GET_TASKS; limiting output
06-26 15:50:57.425 D/StatusBar.MSimNetworkController( 7276): refreshViews connected={ wifi } level=4 mMSimcombinedSignalIconId=0x7f0201c4/com.android.systemui:drawable/stat_sys_wifi_signal_png_4_fully mMSimcombinedActivityIconId=0x0 mAirplaneMode=false mMSimDataActivity=0 mMSimPhoneSignalIconId=0x7f0201b1/com.android.systemui:drawable/stat_sys_signal_4 mMSimDataDirectionIconId=0x0 mMSimDataSignalIconId=0x7f0201b1 mMSimDataTypeIconId=0x0/(null) mNoMSimIconId=0x0/(null) mMSimMobileActivityIconId=0x0/(null) mWifiIconId=0x7f0201c4 mBluetoothTetherIconId=0x108069f
06-26 15:50:57.895 D/StatusBar.MSimNetworkController( 7276): onSignalStrengthsChanged received on phoneId :0 subid: 2signalStrength=SignalStrength: 99 0 -120 -160 -120 -1 -1 23 -91 -4 -184 2147483647 2147483647 gsm|lte level=4
06-26 15:50:58.255 I/ServiceManager( 6987): Waiting for service AtCmdFwd...
06-26 15:50:58.435 W/ActivityManager( 1208): getRunningAppProcesses: caller 10095 does not hold REAL_GET_TASKS; limiting output
06-26 15:50:58.435 W/ActivityManager( 1208): getRunningAppProcesses: caller 10095 does not hold REAL_GET_TASKS; limiting output
06-26 15:50:58.825 D/wpa_supplicant(31898): wlan0: Control interface command 'SIGNAL_POLL'
06-26 15:50:59.175 D/StatusBar.MSimNetworkController( 7276): onSignalStrengthsChanged received on phoneId :0 subid: 2signalStrength=SignalStrength: 99 0 -120 -160 -120 -1 -1 23 -91 -4 -184 2147483647 2147483647 gsm|lte level=4
06-26 15:50:59.255 I/ServiceManager( 6987): Waiting for service AtCmdFwd...
06-26 15:50:59.475 E/awcn.DefaultHeartbeatImpl( 5326):  close session in background
06-26 15:50:59.475 I/awcn.DefaultHeartbeatImpl( 5326):  heartbeat stop session:Session@[AWCN2_1|http2_0rtt_acs]
06-26 15:50:59.475 E/awcn.TnetSpdySession( 5326): |[seq:AWCN2_1] force close! session:Session@[AWCN2_1|http2_0rtt_acs]
06-26 15:50:59.475 E/awcn.Session( 5326): |[seq:AWCN2_1] notifyStatus status:DISCONNECTING
06-26 15:50:59.475 E/awcn.TnetSpdySession( 5326): |[seq:AWCN2_1] spdySessionCloseCallback  errorCode::-2002
06-26 15:50:59.475 E/awcn.Session( 5326): |[seq:AWCN2_1] notifyStatus status:DISCONNECTED
06-26 15:50:59.475 D/awcn.SessionRequest( 5326): |[seq:AWCN2_1] Session:Session@[AWCN2_1|http2_0rtt_acs] EventType:DISCONNECTED Event:anet.channel.entity.DisconnectedEvent@2738df94
06-26 15:50:59.475 W/ActivityManager( 1208): getRunningAppProcesses: caller 10095 does not hold REAL_GET_TASKS; limiting output
06-26 15:50:59.475 W/ActivityManager( 1208): Unable to start service Intent { act=com.taobao.accs.intent.action.RECEIVE pkg=com.eg.android.AlipayGphone cmp=com.eg.android.AlipayGphone/com.taobao.accs.data.MsgDistributeService (has extras) } U=0: not found
06-26 15:50:59.475 D/awcn.SessionRequest( 5326): |[seq:AWCN2_1] Connect Disconnect session:Session@[AWCN2_1|http2_0rtt_acs] host:https://acs.m.taobao.com appIsBg:true isHandleFinish:false
06-26 15:50:59.475 W/ActivityManager( 1208): getRunningAppProcesses: caller 10095 does not hold REAL_GET_TASKS; limiting output
06-26 15:50:59.825 I/MSM-irqbalance(  616): Decided to move IRQ65 from CPU7 to CPU5
06-26 15:50:59.995 D/PowerManagerService( 1208): to showLogHandlerThread quit!
06-26 15:50:59.995 W/AlarmManager( 1208): none no open power log
06-26 15:51:00.065 W/ResourceType( 7980): No package identifier when getting value for resource number 0x00000000
06-26 15:51:00.065 W/PackageManager( 7980): Failure retrieving resources for cn.nubia.weather: Resource ID #0x0
06-26 15:51:00.105 I/TrafficService(11443): current minute : 51
06-26 15:51:00.255 I/ServiceManager( 6987): Waiting for service AtCmdFwd...
06-26 15:51:00.435 D/StatusBar.MSimNetworkController( 7276): refreshViews connected={ wifi } level=4 mMSimcombinedSignalIconId=0x7f0201c4/com.android.systemui:drawable/stat_sys_wifi_signal_png_4_fully mMSimcombinedActivityIconId=0x7f0201be mAirplaneMode=false mMSimDataActivity=0 mMSimPhoneSignalIconId=0x7f0201b1/com.android.systemui:drawable/stat_sys_signal_4 mMSimDataDirectionIconId=0x0 mMSimDataSignalIconId=0x7f0201b1 mMSimDataTypeIconId=0x0/(null) mNoMSimIconId=0x0/(null) mMSimMobileActivityIconId=0x0/(null) mWifiIconId=0x7f0201c4 mBluetoothTetherIconId=0x108069f
06-26 15:51:00.465 D/StatusBar.MSimNetworkController( 7276): onSignalStrengthsChanged received on phoneId :0 subid: 2signalStrength=SignalStrength: 99 0 -120 -160 -120 -1 -1 23 -91 -4 -184 2147483647 2147483647 gsm|lte level=4
06-26 15:51:00.515 W/ActivityManager( 1208): getRunningAppProcesses: caller 10095 does not hold REAL_GET_TASKS; limiting output
06-26 15:51:00.515 W/ActivityManager( 1208): getRunningAppProcesses: caller 10095 does not hold REAL_GET_TASKS; limiting output
06-26 15:51:01.055 D/wpa_supplicant(31898): wlan0: BSS: Remove id 547 BSSID d0:17:c2:d7:b0:c4 SSID 'iSmarTV5.0G' due to wpa_bss_flush_by_age
06-26 15:51:01.055 D/wpa_supplicant(31898): CTRL_IFACE monitor sent successfully to /data/misc/wifi/sockets/wpa_ctrl_461-635\x00
06-26 15:51:01.055 D/wpa_supplicant(31898): CTRL_IFACE monitor sent successfully to /data/misc/wifi/sockets/wpa_ctrl_1208-48\x00
06-26 15:51:01.055 D/wpa_supplicant(31898): wlan0: BSS: Remove id 548 BSSID d0:17:c2:d7:b0:c0 SSID 'iSmarTV2.4G' due to wpa_bss_flush_by_age
06-26 15:51:01.055 D/wpa_supplicant(31898): CTRL_IFACE monitor sent successfully to /data/misc/wifi/sockets/wpa_ctrl_461-635\x00
06-26 15:51:01.055 D/wpa_supplicant(31898): CTRL_IFACE monitor sent successfully to /data/misc/wifi/sockets/wpa_ctrl_1208-48\x00
06-26 15:51:01.055 D/wpa_supplicant(31898): wlan0: BSS: Remove id 549 BSSID 9c:21:6a:f9:f9:08 SSID 'ismartv_test' due to wpa_bss_flush_by_age
06-26 15:51:01.055 D/wpa_supplicant(31898): CTRL_IFACE monitor sent successfully to /data/misc/wifi/sockets/wpa_ctrl_461-635\x00
06-26 15:51:01.055 D/wpa_supplicant(31898): CTRL_IFACE monitor sent successfully to /data/misc/wifi/sockets/wpa_ctrl_1208-48\x00
06-26 15:51:01.055 D/wpa_supplicant(31898): wlan0: BSS: Remove id 552 BSSID 74:e5:0b:3a:43:d7 SSID '360WiFi-XK' due to wpa_bss_flush_by_age
06-26 15:51:01.055 D/wpa_supplicant(31898): CTRL_IFACE monitor sent successfully to /data/misc/wifi/sockets/wpa_ctrl_461-635\x00
06-26 15:51:01.055 D/wpa_supplicant(31898): CTRL_IFACE monitor sent successfully to /data/misc/wifi/sockets/wpa_ctrl_1208-48\x00
06-26 15:51:01.055 D/wpa_supplicant(31898): wlan0: BSS: Remove id 551 BSSID 64:09:80:41:4c:7d SSID 'Xiaomi_4C7C' due to wpa_bss_flush_by_age
06-26 15:51:01.055 D/wpa_supplicant(31898): CTRL_IFACE monitor sent successfully to /data/misc/wifi/sockets/wpa_ctrl_461-635\x00
06-26 15:51:01.055 D/wpa_supplicant(31898): CTRL_IFACE monitor sent successfully to /data/misc/wifi/sockets/wpa_ctrl_1208-48\x00
06-26 15:51:01.055 D/wpa_supplicant(31898): wlan0: BSS: Remove id 550 BSSID 74:25:8a:5e:5a:80 SSID 'iSmarTV5G' due to wpa_bss_flush_by_age
06-26 15:51:01.055 D/wpa_supplicant(31898): CTRL_IFACE monitor sent successfully to /data/misc/wifi/sockets/wpa_ctrl_461-635\x00
06-26 15:51:01.055 D/wpa_supplicant(31898): CTRL_IFACE monitor sent successfully to /data/misc/wifi/sockets/wpa_ctrl_1208-48\x00
06-26 15:51:01.055 D/wpa_supplicant(31898): wlan0: BSS: Remove id 557 BSSID 88:25:93:b6:38:f6 SSID 'LWY' due to wpa_bss_flush_by_age
06-26 15:51:01.055 D/wpa_supplicant(31898): CTRL_IFACE monitor sent successfully to /data/misc/wifi/sockets/wpa_ctrl_461-635\x00
06-26 15:51:01.055 D/wpa_supplicant(31898): CTRL_IFACE monitor sent successfully to /data/misc/wifi/sockets/wpa_ctrl_1208-48\x00
06-26 15:51:01.055 D/wpa_supplicant(31898): wlan0: BSS: Remove id 553 BSSID 38:83:45:b4:65:28 SSID 'JesseMOffice' due to wpa_bss_flush_by_age
06-26 15:51:01.055 D/wpa_supplicant(31898): CTRL_IFACE monitor sent successfully to /data/misc/wifi/sockets/wpa_ctrl_461-635\x00
06-26 15:51:01.055 D/wpa_supplicant(31898): CTRL_IFACE monitor sent successfully to /data/misc/wifi/sockets/wpa_ctrl_1208-48\x00
06-26 15:51:01.065 D/wpa_supplicant(31898): wlan0: BSS: Remove id 559 BSSID bc:46:99:93:e8:e0 SSID 'oncalljf' due to wpa_bss_flush_by_age
06-26 15:51:01.065 D/wpa_supplicant(31898): CTRL_IFACE monitor sent successfully to /data/misc/wifi/sockets/wpa_ctrl_461-635\x00
06-26 15:51:01.065 D/wpa_supplicant(31898): CTRL_IFACE monitor sent successfully to /data/misc/wifi/sockets/wpa_ctrl_1208-48\x00
06-26 15:51:01.065 D/wpa_supplicant(31898): wlan0: BSS: Remove id 561 BSSID b6:46:99:93:e8:e0 SSID 'fangke' due to wpa_bss_flush_by_age
06-26 15:51:01.065 D/wpa_supplicant(31898): CTRL_IFACE monitor sent successfully to /data/misc/wifi/sockets/wpa_ctrl_461-635\x00
06-26 15:51:01.065 D/wpa_supplicant(31898): CTRL_IFACE monitor sent successfully to /data/misc/wifi/sockets/wpa_ctrl_1208-48\x00
06-26 15:51:01.065 D/wpa_supplicant(31898): wlan0: BSS: Remove id 554 BSSID 64:09:80:41:4c:7e SSID 'Xiaomi_4C7C_5G' due to wpa_bss_flush_by_age
06-26 15:51:01.065 D/wpa_supplicant(31898): CTRL_IFACE monitor sent successfully to /data/misc/wifi/sockets/wpa_ctrl_461-635\x00
06-26 15:51:01.065 D/wpa_supplicant(31898): CTRL_IFACE monitor sent successfully to /data/misc/wifi/sockets/wpa_ctrl_1208-48\x00
06-26 15:51:01.065 D/wpa_supplicant(31898): wlan0: BSS: Remove id 558 BSSID bc:46:99:cd:da:5f SSID 'TP-LINK_DA5F' due to wpa_bss_flush_by_age
06-26 15:51:01.065 D/wpa_supplicant(31898): CTRL_IFACE monitor sent successfully to /data/misc/wifi/sockets/wpa_ctrl_461-635\x00
06-26 15:51:01.065 D/wpa_supplicant(31898): CTRL_IFACE monitor sent successfully to /data/misc/wifi/sockets/wpa_ctrl_1208-48\x00
06-26 15:51:01.065 D/wpa_supplicant(31898): wlan0: BSS: Remove id 556 BSSID ec:17:2f:b9:1e:e8 SSID 'Pro-Lambda-AP1' due to wpa_bss_flush_by_age
06-26 15:51:01.065 D/wpa_supplicant(31898): CTRL_IFACE monitor sent successfully to /data/misc/wifi/sockets/wpa_ctrl_461-635\x00
06-26 15:51:01.065 D/wpa_supplicant(31898): CTRL_IFACE monitor sent successfully to /data/misc/wifi/sockets/wpa_ctrl_1208-48\x00
06-26 15:51:01.065 D/wpa_supplicant(31898): wlan0: BSS: Remove id 555 BSSID 3c:46:d8:25:7b:1c SSID 'TP-LINK_3G_xcj' due to wpa_bss_flush_by_age
06-26 15:51:01.065 D/wpa_supplicant(31898): CTRL_IFACE monitor sent successfully to /data/misc/wifi/sockets/wpa_ctrl_461-635\x00
06-26 15:51:01.065 D/wpa_supplicant(31898): CTRL_IFACE monitor sent successfully to /data/misc/wifi/sockets/wpa_ctrl_1208-48\x00
06-26 15:51:01.065 D/wpa_supplicant(31898): wlan0: BSS: Remove id 560 BSSID 38:83:45:96:d3:66 SSID 'FunctionBay' due to wpa_bss_flush_by_age
06-26 15:51:01.065 D/wpa_supplicant(31898): CTRL_IFACE monitor sent successfully to /data/misc/wifi/sockets/wpa_ctrl_461-635\x00
06-26 15:51:01.065 D/wpa_supplicant(31898): CTRL_IFACE monitor sent successfully to /data/misc/wifi/sockets/wpa_ctrl_1208-48\x00
06-26 15:51:01.065 D/wpa_supplicant(31898): wlan0: BSS: Remove id 562 BSSID 02:0e:5e:4d:1d:aa SSID 'ChinaNet-BeR1' due to wpa_bss_flush_by_age
06-26 15:51:01.065 D/wpa_supplicant(31898): CTRL_IFACE monitor sent successfully to /data/misc/wifi/sockets/wpa_ctrl_461-635\x00
06-26 15:51:01.065 D/wpa_supplicant(31898): CTRL_IFACE monitor sent successfully to /data/misc/wifi/sockets/wpa_ctrl_1208-48\x00
06-26 15:51:01.065 D/wpa_supplicant(31898): wlan0: BSS: Remove id 566 BSSID d0:17:c2:d7:ac:38 SSID 'iSmarTV2.4G' due to wpa_bss_flush_by_age
06-26 15:51:01.065 D/wpa_supplicant(31898): CTRL_IFACE monitor sent successfully to /data/misc/wifi/sockets/wpa_ctrl_461-635\x00
06-26 15:51:01.065 D/wpa_supplicant(31898): CTRL_IFACE monitor sent successfully to /data/misc/wifi/sockets/wpa_ctrl_1208-48\x00
06-26 15:51:01.065 D/wpa_supplicant(31898): wlan0: BSS: Remove id 563 BSSID 50:da:00:b4:ed:21 SSID 'UCCVR' due to wpa_bss_flush_by_age
06-26 15:51:01.065 D/wpa_supplicant(31898): CTRL_IFACE monitor sent successfully to /data/misc/wifi/sockets/wpa_ctrl_461-635\x00
06-26 15:51:01.065 D/wpa_supplicant(31898): CTRL_IFACE monitor sent successfully to /data/misc/wifi/sockets/wpa_ctrl_1208-48\x00
06-26 15:51:01.065 D/wpa_supplicant(31898): wlan0: BSS: Remove id 565 BSSID bc:46:99:cd:da:61 SSID 'TP-LINK_5G_DA5F' due to wpa_bss_flush_by_age
06-26 15:51:01.065 D/wpa_supplicant(31898): CTRL_IFACE monitor sent successfully to /data/misc/wifi/sockets/wpa_ctrl_461-635\x00
06-26 15:51:01.065 D/wpa_supplicant(31898): CTRL_IFACE monitor sent successfully to /data/misc/wifi/sockets/wpa_ctrl_1208-48\x00
06-26 15:51:01.065 D/wpa_supplicant(31898): wlan0: BSS: Remove id 568 BSSID d8:5d:4c:30:9b:6c SSID 'Pro-Lambda-AP2' due to wpa_bss_flush_by_age
06-26 15:51:01.065 D/wpa_supplicant(31898): CTRL_IFACE monitor sent successfully to /data/misc/wifi/sockets/wpa_ctrl_461-635\x00
06-26 15:51:01.065 D/wpa_supplicant(31898): CTRL_IFACE monitor sent successfully to /data/misc/wifi/sockets/wpa_ctrl_1208-48\x00
06-26 15:51:01.065 D/wpa_supplicant(31898): wlan0: BSS: Remove id 567 BSSID d0:17:c2:d7:ac:3c SSID 'iSmarTV5.0G' due to wpa_bss_flush_by_age
06-26 15:51:01.065 D/wpa_supplicant(31898): CTRL_IFACE monitor sent successfully to /data/misc/wifi/sockets/wpa_ctrl_461-635\x00
06-26 15:51:01.065 D/wpa_supplicant(31898): CTRL_IFACE monitor sent successfully to /data/misc/wifi/sockets/wpa_ctrl_1208-48\x00
06-26 15:51:01.065 D/wpa_supplicant(31898): wlan0: BSS: Remove id 569 BSSID b0:48:7a:72:61:e8 SSID 'zhuyou' due to wpa_bss_flush_by_age
06-26 15:51:01.065 D/wpa_supplicant(31898): CTRL_IFACE monitor sent successfully to /data/misc/wifi/sockets/wpa_ctrl_461-635\x00
06-26 15:51:01.065 D/wpa_supplicant(31898): CTRL_IFACE monitor sent successfully to /data/misc/wifi/sockets/wpa_ctrl_1208-48\x00
06-26 15:51:01.065 D/wpa_supplicant(31898): wlan0: BSS: Remove id 570 BSSID 30:b4:9e:00:02:ec SSID 'UCCVR_Test01' due to wpa_bss_flush_by_age
06-26 15:51:01.065 D/wpa_supplicant(31898): CTRL_IFACE monitor sent successfully to /data/misc/wifi/sockets/wpa_ctrl_461-635\x00
06-26 15:51:01.065 D/wpa_supplicant(31898): CTRL_IFACE monitor sent successfully to /data/misc/wifi/sockets/wpa_ctrl_1208-48\x00
06-26 15:51:01.065 D/wpa_supplicant(31898): wlan0: BSS: Remove id 571 BSSID d8:5d:4c:2b:2c:10 SSID 'wanghm' due to wpa_bss_flush_by_age
06-26 15:51:01.065 D/wpa_supplicant(31898): CTRL_IFACE monitor sent successfully to /data/misc/wifi/sockets/wpa_ctrl_461-635\x00
06-26 15:51:01.065 D/wpa_supplicant(31898): CTRL_IFACE monitor sent successfully to /data/misc/wifi/sockets/wpa_ctrl_1208-48\x00
06-26 15:51:01.065 D/wpa_supplicant(31898): wlan0: BSS: Remove id 572 BSSID c4:ca:d9:0e:a3:92 SSID 'i-Shanghai' due to wpa_bss_flush_by_age
06-26 15:51:01.065 D/wpa_supplicant(31898): CTRL_IFACE monitor sent successfully to /data/misc/wifi/sockets/wpa_ctrl_461-635\x00
06-26 15:51:01.065 D/wpa_supplicant(31898): CTRL_IFACE monitor sent successfully to /data/misc/wifi/sockets/wpa_ctrl_1208-48\x00
06-26 15:51:01.065 D/wpa_supplicant(31898): wlan0: BSS: Remove id 573 BSSID c4:ca:d9:0e:a3:91 SSID '@city' due to wpa_bss_flush_by_age
06-26 15:51:01.065 D/wpa_supplicant(31898): CTRL_IFACE monitor sent successfully to /data/misc/wifi/sockets/wpa_ctrl_461-635\x00
06-26 15:51:01.065 D/wpa_supplicant(31898): CTRL_IFACE monitor sent successfully to /data/misc/wifi/sockets/wpa_ctrl_1208-48\x00
06-26 15:51:01.075 W/ActivityManager( 1208): getRunningAppProcesses: caller 10114 does not hold REAL_GET_TASKS; limiting output
06-26 15:51:01.255 I/ServiceManager( 6987): Waiting for service AtCmdFwd...
06-26 15:51:01.435 D/StatusBar.MSimNetworkController( 7276): refreshViews connected={ wifi } level=4 mMSimcombinedSignalIconId=0x7f0201c4/com.android.systemui:drawable/stat_sys_wifi_signal_png_4_fully mMSimcombinedActivityIconId=0x7f0201bd mAirplaneMode=false mMSimDataActivity=0 mMSimPhoneSignalIconId=0x7f0201b1/com.android.systemui:drawable/stat_sys_signal_4 mMSimDataDirectionIconId=0x0 mMSimDataSignalIconId=0x7f0201b1 mMSimDataTypeIconId=0x0/(null) mNoMSimIconId=0x0/(null) mMSimMobileActivityIconId=0x0/(null) mWifiIconId=0x7f0201c4 mBluetoothTetherIconId=0x108069f
06-26 15:51:01.555 W/ActivityManager( 1208): getRunningAppProcesses: caller 10095 does not hold REAL_GET_TASKS; limiting output
06-26 15:51:01.565 W/ActivityManager( 1208): getRunningAppProcesses: caller 10095 does not hold REAL_GET_TASKS; limiting output
06-26 15:51:01.855 D/wpa_supplicant(31898): wlan0: Control interface command 'SIGNAL_POLL'
06-26 15:51:02.255 I/ServiceManager( 6987): Waiting for service AtCmdFwd...
06-26 15:51:02.595 W/ActivityManager( 1208): getRunningAppProcesses: caller 10095 does not hold REAL_GET_TASKS; limiting output
06-26 15:51:02.595 W/ActivityManager( 1208): getRunningAppProcesses: caller 10095 does not hold REAL_GET_TASKS; limiting output
06-26 15:51:03.025 D/StatusBar.MSimNetworkController( 7276): onSignalStrengthsChanged received on phoneId :0 subid: 2signalStrength=SignalStrength: 99 0 -120 -160 -120 -1 -1 23 -91 -4 -184 2147483647 2147483647 gsm|lte level=4
06-26 15:51:03.025 D/StatusBar.MSimNetworkController( 7276): onSignalStrengthsChanged received on phoneId :0 subid: 2signalStrength=SignalStrength: 99 0 -120 -160 -120 -1 -1 23 -91 -4 -184 2147483647 2147483647 gsm|lte level=4
06-26 15:51:03.255 W/Atfwd_Sendcmd( 6987): AtCmdFwd service not published, waiting... retryCnt : 2
06-26 15:51:03.635 W/ActivityManager( 1208): getRunningAppProcesses: caller 10095 does not hold REAL_GET_TASKS; limiting output
06-26 15:51:03.635 W/ActivityManager( 1208): getRunningAppProcesses: caller 10095 does not hold REAL_GET_TASKS; limiting output
06-26 15:51:04.675 W/ActivityManager( 1208): getRunningAppProcesses: caller 10095 does not hold REAL_GET_TASKS; limiting output
06-26 15:51:04.675 W/ActivityManager( 1208): getRunningAppProcesses: caller 10095 does not hold REAL_GET_TASKS; limiting output
06-26 15:51:04.825 I/MSM-irqbalance(  616): Decided to move IRQ215 from CPU7 to CPU5
06-26 15:51:04.875 D/wpa_supplicant(31898): wlan0: Control interface command 'SIGNAL_POLL'
06-26 15:51:04.895 W/ActivityManager( 1208): getRunningAppProcesses: caller 10092 does not hold REAL_GET_TASKS; limiting output
06-26 15:51:05.445 D/StatusBar.MSimNetworkController( 7276): refreshViews connected={ wifi } level=4 mMSimcombinedSignalIconId=0x7f0201c4/com.android.systemui:drawable/stat_sys_wifi_signal_png_4_fully mMSimcombinedActivityIconId=0x0 mAirplaneMode=false mMSimDataActivity=0 mMSimPhoneSignalIconId=0x7f0201b1/com.android.systemui:drawable/stat_sys_signal_4 mMSimDataDirectionIconId=0x0 mMSimDataSignalIconId=0x7f0201b1 mMSimDataTypeIconId=0x0/(null) mNoMSimIconId=0x0/(null) mMSimMobileActivityIconId=0x0/(null) mWifiIconId=0x7f0201c4 mBluetoothTetherIconId=0x108069f
06-26 15:51:05.575 D/StatusBar.MSimNetworkController( 7276): onSignalStrengthsChanged received on phoneId :0 subid: 2signalStrength=SignalStrength: 99 0 -120 -160 -120 -1 -1 23 -91 -4 -184 2147483647 2147483647 gsm|lte level=4
06-26 15:51:05.715 W/ActivityManager( 1208): getRunningAppProcesses: caller 10095 does not hold REAL_GET_TASKS; limiting output
06-26 15:51:05.715 W/ActivityManager( 1208): getRunningAppProcesses: caller 10095 does not hold REAL_GET_TASKS; limiting output
06-26 15:51:06.445 D/StatusBar.MSimNetworkController( 7276): refreshViews connected={ wifi } level=4 mMSimcombinedSignalIconId=0x7f0201c4/com.android.systemui:drawable/stat_sys_wifi_signal_png_4_fully mMSimcombinedActivityIconId=0x7f0201bd mAirplaneMode=false mMSimDataActivity=0 mMSimPhoneSignalIconId=0x7f0201b1/com.android.systemui:drawable/stat_sys_signal_4 mMSimDataDirectionIconId=0x0 mMSimDataSignalIconId=0x7f0201b1 mMSimDataTypeIconId=0x0/(null) mNoMSimIconId=0x0/(null) mMSimMobileActivityIconId=0x0/(null) mWifiIconId=0x7f0201c4 mBluetoothTetherIconId=0x108069f
06-26 15:51:06.755 W/ActivityManager( 1208): getRunningAppProcesses: caller 10095 does not hold REAL_GET_TASKS; limiting output
06-26 15:51:06.755 W/ActivityManager( 1208): getRunningAppProcesses: caller 10095 does not hold REAL_GET_TASKS; limiting output
06-26 15:51:06.855 D/StatusBar.MSimNetworkController( 7276): onSignalStrengthsChanged received on phoneId :0 subid: 2signalStrength=SignalStrength: 99 0 -120 -160 -120 -1 -1 23 -91 -4 -184 2147483647 2147483647 gsm|lte level=4
06-26 15:51:07.795 W/ActivityManager( 1208): getRunningAppProcesses: caller 10095 does not hold REAL_GET_TASKS; limiting output
06-26 15:51:07.795 W/ActivityManager( 1208): getRunningAppProcesses: caller 10095 does not hold REAL_GET_TASKS; limiting output
06-26 15:51:07.895 D/wpa_supplicant(31898): wlan0: Control interface command 'SIGNAL_POLL'
06-26 15:51:08.175 D/StatusBar.MSimNetworkController( 7276): onSignalStrengthsChanged received on phoneId :0 subid: 2signalStrength=SignalStrength: 99 0 -120 -160 -120 -1 -1 23 -91 -4 -184 2147483647 2147483647 gsm|lte level=4
06-26 15:51:08.835 W/ActivityManager( 1208): getRunningAppProcesses: caller 10095 does not hold REAL_GET_TASKS; limiting output
06-26 15:51:08.835 W/ActivityManager( 1208): getRunningAppProcesses: caller 10095 does not hold REAL_GET_TASKS; limiting output
06-26 15:51:08.955 I/NubiaPush( 5827): start ping by push time dis 600000
06-26 15:51:08.965 I/System.out( 5827): 开始发送消息！
06-26 15:51:09.295 I/NubiaPush( 5827): receive ping response
06-26 15:51:09.315 W/ContextImpl( 5827): Calling a method in the system process without a qualified user: android.app.ContextImpl.startService:1762 android.content.ContextWrapper.startService:516 cn.nubia.neopush.a.e.a:762 cn.nubia.neopush.a.e.a:44 cn.nubia.neopush.a.e$2.a:457 
06-26 15:51:09.315 D/ActivityManager( 1208): target_pkg = cn.nubia.neopush, target_process = cn.nubia.neopush
06-26 15:51:09.315 D/ActivityManager( 1208): start service caller PID =5827, UID = 1000, callerPkgList = {cn.nubia.neopush=com.android.internal.app.ProcessStats$ProcessStateHolder@2db828ee}, service_name = ComponentInfo{cn.nubia.neopush/cn.nubia.neopush.service.NeoPushService}
06-26 15:51:09.455 D/StatusBar.MSimNetworkController( 7276): refreshViews connected={ wifi } level=4 mMSimcombinedSignalIconId=0x7f0201c4/com.android.systemui:drawable/stat_sys_wifi_signal_png_4_fully mMSimcombinedActivityIconId=0x7f0201be mAirplaneMode=false mMSimDataActivity=0 mMSimPhoneSignalIconId=0x7f0201b1/com.android.systemui:drawable/stat_sys_signal_4 mMSimDataDirectionIconId=0x0 mMSimDataSignalIconId=0x7f0201b1 mMSimDataTypeIconId=0x0/(null) mNoMSimIconId=0x0/(null) mMSimMobileActivityIconId=0x0/(null) mWifiIconId=0x7f0201c4 mBluetoothTetherIconId=0x108069f
06-26 15:51:09.825 I/MSM-irqbalance(  616): Decided to move IRQ222 from CPU7 to CPU5
06-26 15:51:09.875 W/ActivityManager( 1208): getRunningAppProcesses: caller 10095 does not hold REAL_GET_TASKS; limiting output
06-26 15:51:09.875 W/ActivityManager( 1208): getRunningAppProcesses: caller 10095 does not hold REAL_GET_TASKS; limiting output
